Component: ARM Compiler 5.05 update 1 (build 106) Tool: armlink [4d0efa]

==============================================================================

Section Cross References

    startup_stm32f103xe.o(STACK) refers (Special) to heapauxi.o(.text) for __use_two_region_memory
    startup_stm32f103xe.o(HEAP) refers (Special) to heapauxi.o(.text) for __use_two_region_memory
    startup_stm32f103xe.o(RESET) refers (Special) to heapauxi.o(.text) for __use_two_region_memory
    startup_stm32f103xe.o(RESET) refers to startup_stm32f103xe.o(STACK) for __initial_sp
    startup_stm32f103xe.o(RESET) refers to startup_stm32f103xe.o(.text) for Reset_Handler
    startup_stm32f103xe.o(RESET) refers to stm32f1xx_it.o(i.NMI_Handler) for NMI_Handler
    startup_stm32f103xe.o(RESET) refers to stm32f1xx_it.o(i.HardFault_Handler) for HardFault_Handler
    startup_stm32f103xe.o(RESET) refers to stm32f1xx_it.o(i.MemManage_Handler) for MemManage_Handler
    startup_stm32f103xe.o(RESET) refers to stm32f1xx_it.o(i.BusFault_Handler) for BusFault_Handler
    startup_stm32f103xe.o(RESET) refers to stm32f1xx_it.o(i.UsageFault_Handler) for UsageFault_Handler
    startup_stm32f103xe.o(RESET) refers to stm32f1xx_it.o(i.SVC_Handler) for SVC_Handler
    startup_stm32f103xe.o(RESET) refers to stm32f1xx_it.o(i.DebugMon_Handler) for DebugMon_Handler
    startup_stm32f103xe.o(RESET) refers to adc_dma.o(i.DMA1_Channel1_IRQHandler) for DMA1_Channel1_IRQHandler
    startup_stm32f103xe.o(RESET) refers to usart.o(i.USART1_IRQHandler) for USART1_IRQHandler
    startup_stm32f103xe.o(RESET) refers to atk_idm750c_uart.o(i.USART2_IRQHandler) for USART2_IRQHandler
    startup_stm32f103xe.o(RESET) refers to atk_mo1218_uart.o(i.USART3_IRQHandler) for USART3_IRQHandler
    startup_stm32f103xe.o(.text) refers (Special) to heapauxi.o(.text) for __use_two_region_memory
    startup_stm32f103xe.o(.text) refers to system_stm32f1xx.o(i.SystemInit) for SystemInit
    startup_stm32f103xe.o(.text) refers to __main.o(!!!main) for __main
    startup_stm32f103xe.o(.text) refers to startup_stm32f103xe.o(HEAP) for Heap_Mem
    startup_stm32f103xe.o(.text) refers to startup_stm32f103xe.o(STACK) for Stack_Mem
    main.o(i.main) refers to _printf_percent.o(.ARM.Collect$$_printf_percent$$00000000) for _printf_percent
    main.o(i.main) refers to _printf_f.o(.ARM.Collect$$_printf_percent$$00000003) for _printf_f
    main.o(i.main) refers to printf1.o(x$fpl$printf1) for _printf_fp_dec
    main.o(i.main) refers to stm32f1xx_hal.o(i.HAL_Init) for HAL_Init
    main.o(i.main) refers to sys.o(i.sys_stm32_clock_init) for sys_stm32_clock_init
    main.o(i.main) refers to delay.o(i.delay_init) for delay_init
    main.o(i.main) refers to usart.o(i.usart_init) for usart_init
    main.o(i.main) refers to led.o(i.led_init) for led_init
    main.o(i.main) refers to adc.o(i.adc_init) for adc_init
    main.o(i.main) refers to adc_dma.o(i.adc_nch_dma_init) for adc_nch_dma_init
    main.o(i.main) refers to stm32f1xx_hal_gpio.o(i.HAL_GPIO_Init) for HAL_GPIO_Init
    main.o(i.main) refers to stm32f1xx_hal_gpio.o(i.HAL_GPIO_WritePin) for HAL_GPIO_WritePin
    main.o(i.main) refers to delay.o(i.delay_us) for delay_us
    main.o(i.main) refers to adc.o(i.adc_get_result) for adc_get_result
    main.o(i.main) refers to fflt_clz.o(x$fpl$ffltu) for __aeabi_ui2f
    main.o(i.main) refers to f2d.o(x$fpl$f2d) for __aeabi_f2d
    main.o(i.main) refers to dmul.o(x$fpl$dmul) for __aeabi_dmul
    main.o(i.main) refers to d2f.o(x$fpl$d2f) for __aeabi_d2f
    main.o(i.main) refers to ffixu.o(x$fpl$ffixu) for __aeabi_f2uiz
    main.o(i.main) refers to __2printf.o(.text) for __2printf
    main.o(i.main) refers to stm32f1xx_hal_gpio.o(i.HAL_GPIO_TogglePin) for HAL_GPIO_TogglePin
    main.o(i.main) refers to delay.o(i.delay_ms) for delay_ms
    main.o(i.main) refers to daddsub_clz.o(x$fpl$dsub) for __aeabi_dsub
    main.o(i.main) refers to ddiv.o(x$fpl$ddiv) for __aeabi_ddiv
    main.o(i.main) refers to dleqf.o(x$fpl$dleqf) for __aeabi_cdcmple
    main.o(i.main) refers to fleqf.o(x$fpl$fleqf) for __aeabi_cfcmple
    main.o(i.main) refers to frleqf.o(x$fpl$frleqf) for __aeabi_cfrcmple
    main.o(i.main) refers to adc_dma.o(.bss) for g_adc_dma_buf
    system_stm32f1xx.o(i.SystemCoreClockUpdate) refers to system_stm32f1xx.o(.data) for SystemCoreClock
    system_stm32f1xx.o(i.SystemCoreClockUpdate) refers to system_stm32f1xx.o(.constdata) for AHBPrescTable
    demo.o(i.demo_run) refers to _printf_percent.o(.ARM.Collect$$_printf_percent$$00000000) for _printf_percent
    demo.o(i.demo_run) refers to _printf_d.o(.ARM.Collect$$_printf_percent$$00000009) for _printf_d
    demo.o(i.demo_run) refers to _printf_dec.o(.text) for _printf_int_dec
    demo.o(i.demo_run) refers to _printf_pad.o(.text) for _printf_pre_padding
    demo.o(i.demo_run) refers to _printf_u.o(.ARM.Collect$$_printf_percent$$0000000A) for _printf_u
    demo.o(i.demo_run) refers to _printf_f.o(.ARM.Collect$$_printf_percent$$00000003) for _printf_f
[...]
    ..\..\Drivers\STM32F1xx_HAL_Driver\Src\stm32f1xx_hal_pwr.c 0x00000000   Number         0  stm32f1xx_hal_pwr.o ABSOLUTE
    ..\..\Drivers\STM32F1xx_HAL_Driver\Src\stm32f1xx_hal_rcc.c 0x00000000   Number         0  stm32f1xx_hal_rcc.o ABSOLUTE
    ..\..\Drivers\STM32F1xx_HAL_Driver\Src\stm32f1xx_hal_rcc_ex.c 0x00000000   Number         0  stm32f1xx_hal_rcc_ex.o ABSOLUTE
    ..\..\Drivers\STM32F1xx_HAL_Driver\Src\stm32f1xx_hal_sram.c 0x00000000   Number         0  stm32f1xx_hal_sram.o ABSOLUTE
    ..\..\Drivers\STM32F1xx_HAL_Driver\Src\stm32f1xx_hal_tim.c 0x00000000   Number         0  stm32f1xx_hal_tim.o ABSOLUTE
    ..\..\Drivers\STM32F1xx_HAL_Driver\Src\stm32f1xx_hal_tim_ex.c 0x00000000   Number         0  stm32f1xx_hal_tim_ex.o ABSOLUTE
    ..\..\Drivers\STM32F1xx_HAL_Driver\Src\stm32f1xx_hal_uart.c 0x00000000   Number         0  stm32f1xx_hal_uart.o ABSOLUTE
    ..\..\Drivers\STM32F1xx_HAL_Driver\Src\stm32f1xx_hal_usart.c 0x00000000   Number         0  stm32f1xx_hal_usart.o ABSOLUTE
    ..\..\Drivers\STM32F1xx_HAL_Driver\Src\stm32f1xx_ll_fsmc.c 0x00000000   Number         0  stm32f1xx_ll_fsmc.o ABSOLUTE
    ..\..\Drivers\SYSTEM\delay\delay.c       0x00000000   Number         0  delay.o ABSOLUTE
    ..\..\Drivers\SYSTEM\sys\sys.c           0x00000000   Number         0  sys.o ABSOLUTE
    ..\..\Drivers\SYSTEM\usart\usart.c       0x00000000   Number         0  usart.o ABSOLUTE
    ..\..\User\demo.c                        0x00000000   Number         0  demo.o ABSOLUTE
    ..\..\User\main.c                        0x00000000   Number         0  main.o ABSOLUTE
    ..\..\User\stm32f1xx_it.c                0x00000000   Number         0  stm32f1xx_it.o ABSOLUTE
    ..\\..\\Drivers\\BSP\\ATK_IDM750C\\atk_idm750c.c 0x00000000   Number         0  atk_idm750c.o ABSOLUTE
    ..\\..\\Drivers\\BSP\\ATK_IDM750C\\atk_idm750c_uart.c 0x00000000   Number         0  atk_idm750c_uart.o ABSOLUTE
    ..\\..\\Drivers\\BSP\\ATK_MO1218\\atk_mo1218.c 0x00000000   Number         0  atk_mo1218.o ABSOLUTE
    ..\\..\\Drivers\\BSP\\ATK_MO1218\\atk_mo1218_bin_msg.c 0x00000000   Number         0  atk_mo1218_bin_msg.o ABSOLUTE
    ..\\..\\Drivers\\BSP\\ATK_MO1218\\atk_mo1218_nmea_msg.c 0x00000000   Number         0  atk_mo1218_nmea_msg.o ABSOLUTE
    ..\\..\\Drivers\\BSP\\ATK_MO1218\\atk_mo1218_uart.c 0x00000000   Number         0  atk_mo1218_uart.o ABSOLUTE
    ..\\..\\Drivers\\BSP\\ATK_MS6050\\atk_ms6050.c 0x00000000   Number         0  atk_ms6050.o ABSOLUTE
    ..\\..\\Drivers\\BSP\\ATK_MS6050\\atk_ms6050_iic.c 0x00000000   Number         0  atk_ms6050_iic.o ABSOLUTE
    ..\\..\\Drivers\\BSP\\ATK_MS6050\\eMPL\\inv_mpu.c 0x00000000   Number         0  inv_mpu.o ABSOLUTE
    ..\\..\\Drivers\\BSP\\ATK_MS6050\\eMPL\\inv_mpu_dmp_motion_driver.c 0x00000000   Number         0  inv_mpu_dmp_motion_driver.o ABSOLUTE
    ..\\..\\Drivers\\BSP\\Beep\\beep.c       0x00000000   Number         0  beep.o ABSOLUTE
    ..\\..\\Drivers\\BSP\\DHT11\\dht11.c     0x00000000   Number         0  dht11.o ABSOLUTE
    ..\\..\\Drivers\\BSP\\KEY\\key.c         0x00000000   Number         0  key.o ABSOLUTE
    ..\\..\\Drivers\\BSP\\LCD\\lcd.c         0x00000000   Number         0  lcd.o ABSOLUTE
    ..\\..\\Drivers\\BSP\\LED\\led.c         0x00000000   Number         0  led.o ABSOLUTE
    ..\\..\\Drivers\\BSP\\Switch\\switch.c   0x00000000   Number         0  switch.o ABSOLUTE
    ..\\..\\Drivers\\BSP\\adc\\adc.c         0x00000000   Number         0  adc.o ABSOLUTE
    ..\\..\\Drivers\\BSP\\adc_dma\\adc_dma.c 0x00000000   Number         0  adc_dma.o ABSOLUTE
    ..\\..\\Drivers\\BSP\\fuelgassensor\\fuelgassensor.c 0x00000000   Number         0  fuelgassensor.o ABSOLUTE
    ..\\..\\Drivers\\BSP\\smokesensor\\smokesensor.c 0x00000000   Number         0  smokesensor.o ABSOLUTE
    ..\\..\\Drivers\\BSP\\watersensor\\watersensor.c 0x00000000   Number         0  watersensor.o ABSOLUTE
    ..\\..\\Drivers\\CMSIS\\Device\\ST\\STM32F1xx\\Source\\Templates\\system_stm32f1xx.c 0x00000000   Number         0  system_stm32f1xx.o ABSOLUTE
    ..\\..\\Drivers\\STM32F1xx_HAL_Driver\\Src\\stm32f1xx_hal.c 0x00000000   Number         0  stm32f1xx_hal.o ABSOLUTE
    ..\\..\\Drivers\\STM32F1xx_HAL_Driver\\Src\\stm32f1xx_hal_adc.c 0x00000000   Number         0  stm32f1xx_hal_adc.o ABSOLUTE
    ..\\..\\Drivers\\STM32F1xx_HAL_Driver\\Src\\stm32f1xx_hal_adc_ex.c 0x00000000   Number         0  stm32f1xx_hal_adc_ex.o ABSOLUTE
    ..\\..\\Drivers\\STM32F1xx_HAL_Driver\\Src\\stm32f1xx_hal_cortex.c 0x00000000   Number         0  stm32f1xx_hal_cortex.o ABSOLUTE
    ..\\..\\Drivers\\STM32F1xx_HAL_Driver\\Src\\stm32f1xx_hal_dma.c 0x00000000   Number         0  stm32f1xx_hal_dma.o ABSOLUTE
    ..\\..\\Drivers\\STM32F1xx_HAL_Driver\\Src\\stm32f1xx_hal_gpio.c 0x00000000   Number         0  stm32f1xx_hal_gpio.o ABSOLUTE
    ..\\..\\Drivers\\STM32F1xx_HAL_Driver\\Src\\stm32f1xx_hal_gpio_ex.c 0x00000000   Number         0  stm32f1xx_hal_gpio_ex.o ABSOLUTE
    ..\\..\\Drivers\\STM32F1xx_HAL_Driver\\Src\\stm32f1xx_hal_pwr.c 0x00000000   Number         0  stm32f1xx_hal_pwr.o ABSOLUTE
    ..\\..\\Drivers\\STM32F1xx_HAL_Driver\\Src\\stm32f1xx_hal_rcc.c 0x00000000   Number         0  stm32f1xx_hal_rcc.o ABSOLUTE
    ..\\..\\Drivers\\STM32F1xx_HAL_Driver\\Src\\stm32f1xx_hal_rcc_ex.c 0x00000000   Number         0  stm32f1xx_hal_rcc_ex.o ABSOLUTE
    ..\\..\\Drivers\\STM32F1xx_HAL_Driver\\Src\\stm32f1xx_hal_sram.c 0x00000000   Number         0  stm32f1xx_hal_sram.o ABSOLUTE
    ..\\..\\Drivers\\STM32F1xx_HAL_Driver\\Src\\stm32f1xx_hal_tim.c 0x00000000   Number         0  stm32f1xx_hal_tim.o ABSOLUTE
    ..\\..\\Drivers\\STM32F1xx_HAL_Driver\\Src\\stm32f1xx_hal_tim_ex.c 0x00000000   Number         0  stm32f1xx_hal_tim_ex.o ABSOLUTE
    ..\\..\\Drivers\\STM32F1xx_HAL_Driver\\Src\\stm32f1xx_hal_uart.c 0x00000000   Number         0  stm32f1xx_hal_uart.o ABSOLUTE
    ..\\..\\Drivers\\STM32F1xx_HAL_Driver\\Src\\stm32f1xx_hal_usart.c 0x00000000   Number         0  stm32f1xx_hal_usart.o ABSOLUTE
    ..\\..\\Drivers\\STM32F1xx_HAL_Driver\\Src\\stm32f1xx_ll_fsmc.c 0x00000000   Number         0  stm32f1xx_ll_fsmc.o ABSOLUTE
    ..\\..\\Drivers\\SYSTEM\\delay\\delay.c  0x00000000   Number         0  delay.o ABSOLUTE
    ..\\..\\Drivers\\SYSTEM\\sys\\sys.c      0x00000000   Number         0  sys.o ABSOLUTE
    ..\\..\\Drivers\\SYSTEM\\usart\\usart.c  0x00000000   Number         0  usart.o ABSOLUTE
    ..\\..\\User\\demo.c                     0x00000000   Number         0  demo.o ABSOLUTE
    ..\\..\\User\\main.c                     0x00000000   Number         0  main.o ABSOLUTE
    ..\\..\\User\\stm32f1xx_it.c             0x00000000   Number         0  stm32f1xx_it.o ABSOLUTE
    dc.s                                     0x00000000   Number         0  dc.o ABSOLUTE
    RESET                                    0x08000000   Section      304  startup_stm32f103xe.o(RESET)
    !!!main                                  0x08000130   Section        8  __main.o(!!!main)
    !!!scatter                               0x08000138   Section       52  __scatter.o(!!!scatter)
    !!handler_copy                           0x0800016c   Section       26  __scatter_copy.o(!!handler_copy)
    !!handler_zi                             0x08000188   Section       28  __scatter_zi.o(!!handler_zi)
    .ARM.Collect$$_printf_percent$$00000000  0x080001a4   Section        0  _printf_percent.o(.ARM.Collect$$_printf_percent$$00000000)
    .ARM.Collect$$_printf_percent$$00000003  0x080001a4   Section        6  _printf_f.o(.ARM.Collect$$_printf_percent$$00000003)
    .ARM.Collect$$_printf_percent$$00000017  0x080001aa   Section        4  _printf_percent_end.o(.ARM.Collect$$_printf_percent$$00000017)
    .ARM.Collect$$libinit$$00000000          0x080001ae   Section        2  libinit.o(.ARM.Collect$$libinit$$00000000)
    .ARM.Collect$$libinit$$00000002          0x080001b0   Section        0  libinit2.o(.ARM.Collect$$libinit$$00000002)
    .ARM.Collect$$libinit$$00000004          0x080001b0   Section        0  libinit2.o(.ARM.Collect$$libinit$$00000004)
    .ARM.Collect$$libinit$$0000000A          0x080001b0   Section        0  libinit2.o(.ARM.Collect$$libinit$$0000000A)
    .ARM.Collect$$libinit$$0000000C          0x080001b0   Section        0  libinit2.o(.ARM.Collect$$libinit$$0000000C)
    .ARM.Collect$$libinit$$0000000E          0x080001b0   Section        0  libinit2.o(.ARM.Collect$$libinit$$0000000E)
    .ARM.Collect$$libinit$$0000000F          0x080001b0   Section        6  libinit2.o(.ARM.Collect$$libinit$$0000000F)
    .ARM.Collect$$libinit$$00000011          0x080001b6   Section        0  libinit2.o(.ARM.Collect$$libinit$$00000011)
    .ARM.Collect$$libinit$$00000013          0x080001b6   Section        0  libinit2.o(.ARM.Collect$$libinit$$00000013)
    .ARM.Collect$$libinit$$00000015          0x080001b6   Section        0  libinit2.o(.ARM.Collect$$libinit$$00000015)
    .ARM.Collect$$libinit$$00000016          0x080001b6   Section       10  libinit2.o(.ARM.Collect$$libinit$$00000016)
    .ARM.Collect$$libinit$$00000017          0x080001c0   Section        0  libinit2.o(.ARM.Collect$$libinit$$00000017)
    .ARM.Collect$$libinit$$00000019          0x080001c0   Section        0  libinit2.o(.ARM.Collect$$libinit$$00000019)
    .ARM.Collect$$libinit$$0000001B          0x080001c0   Section        0  libinit2.o(.ARM.Collect$$libinit$$0000001B)
    .ARM.Collect$$libinit$$0000001D          0x080001c0   Section        0  libinit2.o(.ARM.Collect$$libinit$$0000001D)
    .ARM.Collect$$libinit$$0000001F          0x080001c0   Section        0  libinit2.o(.ARM.Collect$$libinit$$0000001F)
    .ARM.Collect$$libinit$$00000021          0x080001c0   Section        0  libinit2.o(.ARM.Collect$$libinit$$00000021)
    .ARM.Collect$$libinit$$00000023          0x080001c0   Section        0  libinit2.o(.ARM.Collect$$libinit$$00000023)
    .ARM.Collect$$libinit$$00000025          0x080001c0   Section        0  libinit2.o(.ARM.Collect$$libinit$$00000025)
    .ARM.Collect$$libinit$$0000002C          0x080001c0   Section        0  libinit2.o(.ARM.Collect$$libinit$$0000002C)
    .ARM.Collect$$libinit$$0000002E          0x080001c0   Section        0  libinit2.o(.ARM.Collect$$libinit$$0000002E)
    .ARM.Collect$$libinit$$00000030          0x080001c0   Section        0  libinit2.o(.ARM.Collect$$libinit$$00000030)
    .ARM.Collect$$libinit$$00000032          0x080001c0   Section        0  libinit2.o(.ARM.Collect$$libinit$$00000032)
    .ARM.Collect$$libinit$$00000033          0x080001c0   Section        2  libinit2.o(.ARM.Collect$$libinit$$00000033)
    .ARM.Collect$$libshutdown$$00000000      0x080001c2   Section        2  libshutdown.o(.ARM.Collect$$libshutdown$$00000000)
    .ARM.Collect$$libshutdown$$00000003      0x080001c4   Section        0  libshutdown2.o(.ARM.Collect$$libshutdown$$00000003)
    .ARM.Collect$$libshutdown$$00000006      0x080001c4   Section        0  libshutdown2.o(.ARM.Collect$$libshutdown$$00000006)
    .ARM.Collect$$libshutdown$$00000009      0x080001c4   Section        0  libshutdown2.o(.ARM.Collect$$libshutdown$$00000009)
    .ARM.Collect$$libshutdown$$0000000B      0x080001c4   Section        0  libshutdown2.o(.ARM.Collect$$libshutdown$$0000000B)
    .ARM.Collect$$libshutdown$$0000000E      0x080001c4   Section        0  libshutdown2.o(.ARM.Collect$$libshutdown$$0000000E)
    .ARM.Collect$$libshutdown$$0000000F      0x080001c4   Section        2  libshutdown2.o(.ARM.Collect$$libshutdown$$0000000F)
    .ARM.Collect$$rtentry$$00000000          0x080001c6   Section        0  __rtentry.o(.ARM.Collect$$rtentry$$00000000)
    .ARM.Collect$$rtentry$$00000002          0x080001c6   Section        0  __rtentry2.o(.ARM.Collect$$rtentry$$00000002)
    .ARM.Collect$$rtentry$$00000004          0x080001c6   Section        6  __rtentry4.o(.ARM.Collect$$rtentry$$00000004)
    .ARM.Collect$$rtentry$$00000009          0x080001cc   Section        0  __rtentry2.o(.ARM.Collect$$rtentry$$00000009)
    .ARM.Collect$$rtentry$$0000000A          0x080001cc   Section        4  __rtentry2.o(.ARM.Collect$$rtentry$$0000000A)
    .ARM.Collect$$rtentry$$0000000C          0x080001d0   Section        0  __rtentry2.o(.ARM.Collect$$rtentry$$0000000C)
    .ARM.Collect$$rtentry$$0000000D          0x080001d0   Section        8  __rtentry2.o(.ARM.Collect$$rtentry$$0000000D)
    .ARM.Collect$$rtexit$$00000000           0x080001d8   Section        2  rtexit.o(.ARM.Collect$$rtexit$$00000000)
    .ARM.Collect$$rtexit$$00000002           0x080001da   Section        0  rtexit2.o(.ARM.Collect$$rtexit$$00000002)
    .ARM.Collect$$rtexit$$00000003           0x080001da   Section        4  rtexit2.o(.ARM.Collect$$rtexit$$00000003)
    .ARM.Collect$$rtexit$$00000004           0x080001de   Section        6  rtexit2.o(.ARM.Collect$$rtexit$$00000004)
    .text                                    0x080001e4   Section       64  startup_stm32f103xe.o(.text)
    .text                                    0x08000224   Section        2  use_no_semi_2.o(.text)
    .text                                    0x08000228   Section        0  __2printf.o(.text)
    .text                                    0x08000240   Section        0  __printf_flags_ss_wp.o(.text)
    .text                                    0x080003c8   Section       78  rt_memclr_w.o(.text)
    .text                                    0x08000416   Section        0  heapauxi.o(.text)
    .text                                    0x0800041c   Section        2  use_no_semi.o(.text)
    .text                                    0x0800041e   Section        0  _printf_fp_dec.o(.text)
    _fp_digits                               0x08000421   Thumb Code   428  _printf_fp_dec.o(.text)
    .text                                    0x08000838   Section        0  _printf_char_common.o(.text)
    _printf_input_char                       0x08000839   Thumb Code    10  _printf_char_common.o(.text)
    .text                                    0x08000868   Section        0  _printf_char_file.o(.text)
    .text                                    0x0800088c   Section        8  rt_locale_intlibspace.o(.text)
    .text                                    0x08000894   Section      138  lludiv10.o(.text)
    .text                                    0x08000920   Section        0  _printf_fp_infnan.o(.text)
    .text                                    0x080009a0   Section        0  bigflt0.o(.text)
    .text                                    0x08000a7c   Section        0  ferror.o(.text)
    .text                                    0x08000a84   Section        8  libspace.o(.text)
    .text                                    0x08000a8c   Section       74  sys_stackheap_outer.o(.text)
    .text                                    0x08000ad6   Section        0  exit.o(.text)
    .text                                    0x08000ae4   Section      128  strcmpv7m.o(.text)
    CL$$btod_d2e                             0x08000b64   Section       62  btod.o(CL$$btod_d2e)
    CL$$btod_d2e_denorm_low                  0x08000ba2   Section       70  btod.o(CL$$btod_d2e_denorm_low)
    CL$$btod_d2e_norm_op1                    0x08000be8   Section       96  btod.o(CL$$btod_d2e_norm_op1)
    CL$$btod_div_common                      0x08000c48   Section      824  btod.o(CL$$btod_div_common)
    CL$$btod_e2e                             0x08000f80   Section      198  btod.o(CL$$btod_e2e)
    CL$$btod_ediv                            0x08001046   Section       40  btod.o(CL$$btod_ediv)
    CL$$btod_emul                            0x0800106e   Section       40  btod.o(CL$$btod_emul)
    CL$$btod_mult_common                     0x08001096   Section      580  btod.o(CL$$btod_mult_common)
    i.ADC_ConversionStop_Disable             0x080012da   Section        0  stm32f1xx_hal_adc.o(i.ADC_ConversionStop_Disable)
    i.ADC_DMAConvCplt                        0x0800132c   Section        0  stm32f1xx_hal_adc.o(i.ADC_DMAConvCplt)
    i.ADC_DMAError                           0x0800137e   Section        0  stm32f1xx_hal_adc.o(i.ADC_DMAError)
    i.ADC_DMAHalfConvCplt                    0x0800139c   Section        0  stm32f1xx_hal_adc.o(i.ADC_DMAHalfConvCplt)
    i.ADC_Enable                             0x080013ac   Section        0  stm32f1xx_hal_adc.o(i.ADC_Enable)
    i.BusFault_Handler                       0x08001430   Section        0  stm32f1xx_it.o(i.BusFault_Handler)
    i.DMA1_Channel1_IRQHandler               0x08001434   Section        0  adc_dma.o(i.DMA1_Channel1_IRQHandler)
    i.DMA_SetConfig                          0x0800145c   Section        0  stm32f1xx_hal_dma.o(i.DMA_SetConfig)
    DMA_SetConfig                            0x0800145d   Thumb Code    44  stm32f1xx_hal_dma.o(i.DMA_SetConfig)
    i.DebugMon_Handler                       0x08001488   Section        0  stm32f1xx_it.o(i.DebugMon_Handler)
    i.HAL_ADCEx_Calibration_Start            0x0800148c   Section        0  stm32f1xx_hal_adc_ex.o(i.HAL_ADCEx_Calibration_Start)
    i.HAL_ADC_ConfigChannel                  0x08001590   Section        0  stm32f1xx_hal_adc.o(i.HAL_ADC_ConfigChannel)
    i.HAL_ADC_ConvCpltCallback               0x080016f0   Section        0  stm32f1xx_hal_adc.o(i.HAL_ADC_ConvCpltCallback)
    i.HAL_ADC_ConvHalfCpltCallback           0x080016f2   Section        0  stm32f1xx_hal_adc.o(i.HAL_ADC_ConvHalfCpltCallback)
    i.HAL_ADC_ErrorCallback                  0x080016f4   Section        0  stm32f1xx_hal_adc.o(i.HAL_ADC_ErrorCallback)
    i.HAL_ADC_GetValue                       0x080016f6   Section        0  stm32f1xx_hal_adc.o(i.HAL_ADC_GetValue)
    i.HAL_ADC_Init                           0x08001700   Section        0  stm32f1xx_hal_adc.o(i.HAL_ADC_Init)
    i.HAL_ADC_MspInit                        0x08001860   Section        0  adc_dma.o(i.HAL_ADC_MspInit)
    i.HAL_ADC_PollForConversion              0x080018dc   Section        0  stm32f1xx_hal_adc.o(i.HAL_ADC_PollForConversion)
    i.HAL_ADC_Start                          0x08001a4c   Section        0  stm32f1xx_hal_adc.o(i.HAL_ADC_Start)
    i.HAL_ADC_Start_DMA                      0x08001b7c   Section        0  stm32f1xx_hal_adc.o(i.HAL_ADC_Start_DMA)
    i.HAL_DMA_Abort_IT                       0x08001cfc   Section        0  stm32f1xx_hal_dma.o(i.HAL_DMA_Abort_IT)
    i.HAL_DMA_Init                           0x08001ea4   Section        0  stm32f1xx_hal_dma.o(i.HAL_DMA_Init)
    i.HAL_DMA_Start_IT                       0x08001f30   Section        0  stm32f1xx_hal_dma.o(i.HAL_DMA_Start_IT)
    i.HAL_GPIO_Init                          0x08001fcc   Section        0  stm32f1xx_hal_gpio.o(i.HAL_GPIO_Init)
    i.HAL_GPIO_TogglePin                     0x0800230c   Section        0  stm32f1xx_hal_gpio.o(i.HAL_GPIO_TogglePin)
    i.HAL_GPIO_WritePin                      0x08002320   Section        0  stm32f1xx_hal_gpio.o(i.HAL_GPIO_WritePin)
    i.HAL_GetTick                            0x0800232c   Section        0  stm32f1xx_hal.o(i.HAL_GetTick)
    i.HAL_Init                               0x08002338   Section        0  stm32f1xx_hal.o(i.HAL_Init)
    i.HAL_InitTick                           0x08002360   Section        0  stm32f1xx_hal.o(i.HAL_InitTick)
    i.HAL_MspInit                            0x080023ac   Section        0  stm32f1xx_hal.o(i.HAL_MspInit)
    i.HAL_NVIC_EnableIRQ                     0x080023ae   Section        0  stm32f1xx_hal_cortex.o(i.HAL_NVIC_EnableIRQ)
    i.HAL_NVIC_SetPriority                   0x080023ce   Section        0  stm32f1xx_hal_cortex.o(i.HAL_NVIC_SetPriority)
    i.HAL_NVIC_SetPriorityGrouping           0x0800244c   Section        0  stm32f1xx_hal_cortex.o(i.HAL_NVIC_SetPriorityGrouping)
    i.HAL_RCCEx_GetPeriphCLKFreq             0x08002474   Section        0  stm32f1xx_hal_rcc_ex.o(i.HAL_RCCEx_GetPeriphCLKFreq)
    i.HAL_RCCEx_PeriphCLKConfig              0x080025a8   Section        0  stm32f1xx_hal_rcc_ex.o(i.HAL_RCCEx_PeriphCLKConfig)
    i.HAL_RCC_ClockConfig                    0x080026d8   Section        0  stm32f1xx_hal_rcc.o(i.HAL_RCC_ClockConfig)
    i.HAL_RCC_GetHCLKFreq                    0x08002864   Section        0  stm32f1xx_hal_rcc.o(i.HAL_RCC_GetHCLKFreq)
    i.HAL_RCC_GetPCLK1Freq                   0x08002870   Section        0  stm32f1xx_hal_rcc.o(i.HAL_RCC_GetPCLK1Freq)
    i.HAL_RCC_GetPCLK2Freq                   0x08002890   Section        0  stm32f1xx_hal_rcc.o(i.HAL_RCC_GetPCLK2Freq)
    i.HAL_RCC_GetSysClockFreq                0x080028b0   Section        0  stm32f1xx_hal_rcc.o(i.HAL_RCC_GetSysClockFreq)
    i.HAL_RCC_OscConfig                      0x08002944   Section        0  stm32f1xx_hal_rcc.o(i.HAL_RCC_OscConfig)
    i.HAL_SYSTICK_CLKSourceConfig            0x08002da8   Section        0  stm32f1xx_hal_cortex.o(i.HAL_SYSTICK_CLKSourceConfig)
    i.HAL_SYSTICK_Config                     0x08002dd0   Section        0  stm32f1xx_hal_cortex.o(i.HAL_SYSTICK_Config)
    i.HAL_UART_ErrorCallback                 0x08002e04   Section        0  stm32f1xx_hal_uart.o(i.HAL_UART_ErrorCallback)
    i.HAL_UART_IRQHandler                    0x08002e08   Section        0  stm32f1xx_hal_uart.o(i.HAL_UART_IRQHandler)
    i.HAL_UART_Init                          0x08002f5c   Section        0  stm32f1xx_hal_uart.o(i.HAL_UART_Init)
    i.HAL_UART_MspInit                       0x08002fd0   Section        0  usart.o(i.HAL_UART_MspInit)
    i.HAL_UART_Receive                       0x0800320c   Section        0  stm32f1xx_hal_uart.o(i.HAL_UART_Receive)
    i.HAL_UART_Receive_IT                    0x080032e4   Section        0  stm32f1xx_hal_uart.o(i.HAL_UART_Receive_IT)
    i.HAL_UART_RxCpltCallback                0x08003354   Section        0  usart.o(i.HAL_UART_RxCpltCallback)
    i.HAL_UART_TxCpltCallback                0x080033dc   Section        0  stm32f1xx_hal_uart.o(i.HAL_UART_TxCpltCallback)
    i.HardFault_Handler                      0x080033de   Section        0  stm32f1xx_it.o(i.HardFault_Handler)
    i.MemManage_Handler                      0x080033e2   Section        0  stm32f1xx_it.o(i.MemManage_Handler)
    i.NMI_Handler                            0x080033e6   Section        0  stm32f1xx_it.o(i.NMI_Handler)
    i.RCC_Delay                              0x080033e8   Section        0  stm32f1xx_hal_rcc.o(i.RCC_Delay)
    RCC_Delay                                0x080033e9   Thumb Code    36  stm32f1xx_hal_rcc.o(i.RCC_Delay)
    i.SVC_Handler                            0x08003410   Section        0  stm32f1xx_it.o(i.SVC_Handler)
    i.SystemInit                             0x08003412   Section        0  system_stm32f1xx.o(i.SystemInit)
    i.UART_DMAAbortOnError                   0x08003414   Section        0  stm32f1xx_hal_uart.o(i.UART_DMAAbortOnError)
    UART_DMAAbortOnError                     0x08003415   Thumb Code    20  stm32f1xx_hal_uart.o(i.UART_DMAAbortOnError)
    i.UART_EndRxTransfer                     0x08003428   Section        0  stm32f1xx_hal_uart.o(i.UART_EndRxTransfer)
    UART_EndRxTransfer                       0x08003429   Thumb Code    32  stm32f1xx_hal_uart.o(i.UART_EndRxTransfer)
    i.UART_EndTransmit_IT                    0x08003448   Section        0  stm32f1xx_hal_uart.o(i.UART_EndTransmit_IT)
    UART_EndTransmit_IT                      0x08003449   Thumb Code    32  stm32f1xx_hal_uart.o(i.UART_EndTransmit_IT)
    i.UART_Receive_IT                        0x08003468   Section        0  stm32f1xx_hal_uart.o(i.UART_Receive_IT)
    UART_Receive_IT                          0x08003469   Thumb Code   160  stm32f1xx_hal_uart.o(i.UART_Receive_IT)
    i.UART_SetConfig                         0x08003508   Section        0  stm32f1xx_hal_uart.o(i.UART_SetConfig)
    UART_SetConfig                           0x08003509   Thumb Code   248  stm32f1xx_hal_uart.o(i.UART_SetConfig)
    i.UART_Transmit_IT                       0x08003604   Section        0  stm32f1xx_hal_uart.o(i.UART_Transmit_IT)
    UART_Transmit_IT                         0x08003605   Thumb Code    96  stm32f1xx_hal_uart.o(i.UART_Transmit_IT)
    i.UART_WaitOnFlagUntilTimeout            0x08003664   Section        0  stm32f1xx_hal_uart.o(i.UART_WaitOnFlagUntilTimeout)
    UART_WaitOnFlagUntilTimeout              0x08003665   Thumb Code   108  stm32f1xx_hal_uart.o(i.UART_WaitOnFlagUntilTimeout)
    i.USART1_IRQHandler                      0x080036d0   Section        0  usart.o(i.USART1_IRQHandler)
    i.USART2_IRQHandler                      0x080036f4   Section        0  atk_idm750c_uart.o(i.USART2_IRQHandler)
    i.USART3_IRQHandler                      0x080037fc   Section        0  atk_mo1218_uart.o(i.USART3_IRQHandler)
    i.UsageFault_Handler                     0x08003904   Section        0  stm32f1xx_it.o(i.UsageFault_Handler)
    i.__ARM_fpclassify                       0x08003908   Section        0  fpclassify.o(i.__ARM_fpclassify)
    i.__NVIC_GetPriorityGrouping             0x08003930   Section        0  stm32f1xx_hal_cortex.o(i.__NVIC_GetPriorityGrouping)
    __NVIC_GetPriorityGrouping               0x08003931   Thumb Code    10  stm32f1xx_hal_cortex.o(i.__NVIC_GetPriorityGrouping)
    i.__NVIC_SetPriority                     0x08003940   Section        0  stm32f1xx_hal_cortex.o(i.__NVIC_SetPriority)
    __NVIC_SetPriority                       0x08003941   Thumb Code    32  stm32f1xx_hal_cortex.o(i.__NVIC_SetPriority)
    i._is_digit                              0x08003968   Section        0  __printf_wp.o(i._is_digit)
    i._sys_exit                              0x08003976   Section        0  usart.o(i._sys_exit)
    i.adc_channel_set                        0x0800397a   Section        0  adc.o(i.adc_channel_set)
    i.adc_get_result                         0x08003998   Section        0  adc.o(i.adc_get_result)
    i.adc_init                               0x080039c4   Section        0  adc.o(i.adc_init)
    i.adc_nch_dma_init                       0x080039fc   Section        0  adc_dma.o(i.adc_nch_dma_init)
    i.delay_init                             0x08003ad8   Section        0  delay.o(i.delay_init)
    i.delay_ms                               0x08003b00   Section        0  delay.o(i.delay_ms)
    i.delay_us                               0x08003b38   Section        0  delay.o(i.delay_us)
    i.fputc                                  0x08003b84   Section        0  usart.o(i.fputc)
    i.led_init                               0x08003ba0   Section        0  led.o(i.led_init)
    i.main                                   0x08003c30   Section        0  main.o(i.main)
    i.sys_stm32_clock_init                   0x08003ec0   Section        0  sys.o(i.sys_stm32_clock_init)
    i.usart_init                             0x08003f18   Section        0  usart.o(i.usart_init)
    locale$$code                             0x08003f50   Section       44  lc_numeric_c.o(locale$$code)
    x$fpl$d2f                                0x08003f7c   Section       98  d2f.o(x$fpl$d2f)
    x$fpl$dadd                               0x08003fe0   Section      336  daddsub_clz.o(x$fpl$dadd)
    _dadd1                                   0x08003ff1   Thumb Code     0  daddsub_clz.o(x$fpl$dadd)
    x$fpl$dcmpinf                            0x08004130   Section       24  dcmpi.o(x$fpl$dcmpinf)
    x$fpl$ddiv                               0x08004148   Section      688  ddiv.o(x$fpl$ddiv)
    ddiv_entry                               0x0800414f   Thumb Code     0  ddiv.o(x$fpl$ddiv)
    x$fpl$dleqf                              0x080043f8   Section      120  dleqf.o(x$fpl$dleqf)
    x$fpl$dmul                               0x08004470   Section      340  dmul.o(x$fpl$dmul)
    x$fpl$dnaninf                            0x080045c4   Section      156  dnaninf.o(x$fpl$dnaninf)
    x$fpl$dretinf                            0x08004660   Section       12  dretinf.o(x$fpl$dretinf)
    x$fpl$dsub                               0x0800466c   Section      468  daddsub_clz.o(x$fpl$dsub)
    _dsub1                                   0x0800467d   Thumb Code     0  daddsub_clz.o(x$fpl$dsub)
    x$fpl$f2d                                0x08004840   Section       86  f2d.o(x$fpl$f2d)
    x$fpl$fcmpinf                            0x08004896   Section       24  fcmpi.o(x$fpl$fcmpinf)
    x$fpl$ffixu                              0x080048b0   Section       62  ffixu.o(x$fpl$ffixu)
    x$fpl$ffltu                              0x080048f0   Section       38  fflt_clz.o(x$fpl$ffltu)
    x$fpl$fleqf                              0x08004918   Section      104  fleqf.o(x$fpl$fleqf)
    x$fpl$fnaninf                            0x08004980   Section      140  fnaninf.o(x$fpl$fnaninf)
    x$fpl$fretinf                            0x08004a0c   Section       10  fretinf.o(x$fpl$fretinf)
    x$fpl$frleqf                             0x08004a16   Section       98  frleqf.o(x$fpl$frleqf)
    x$fpl$printf1                            0x08004a78   Section        4  printf1.o(x$fpl$printf1)
    .constdata                               0x08004a7c   Section       24  system_stm32f1xx.o(.constdata)
    x$fpl$usenofp                            0x08004a7c   Section        0  usenofp.o(x$fpl$usenofp)
    .constdata                               0x08004a94   Section       17  __printf_flags_ss_wp.o(.constdata)
    maptable                                 0x08004a94   Data          17  __printf_flags_ss_wp.o(.constdata)
    .constdata                               0x08004aa8   Section      148  bigflt0.o(.constdata)
    tenpwrs_x                                0x08004aa8   Data          60  bigflt0.o(.constdata)
    tenpwrs_i                                0x08004ae4   Data          64  bigflt0.o(.constdata)
    locale$$data                             0x08004b5c   Section       28  lc_numeric_c.o(locale$$data)
    __lcnum_c_name                           0x08004b60   Data           2  lc_numeric_c.o(locale$$data)
    __lcnum_c_start                          0x08004b68   Data           0  lc_numeric_c.o(locale$$data)
    __lcnum_c_point                          0x08004b74   Data           0  lc_numeric_c.o(locale$$data)
    __lcnum_c_thousands                      0x08004b76   Data           0  lc_numeric_c.o(locale$$data)
    __lcnum_c_grouping                       0x08004b77   Data           0  lc_numeric_c.o(locale$$data)
    __lcnum_c_end                            0x08004b78   Data           0  lc_numeric_c.o(locale$$data)
    .data                                    0x20000000   Section        4  system_stm32f1xx.o(.data)
    .data                                    0x20000004   Section        2  delay.o(.data)
    g_fac_us                                 0x20000004   Data           2  delay.o(.data)
    .data                                    0x20000008   Section        7  usart.o(.data)
    .data                                    0x20000010   Section        9  stm32f1xx_hal.o(.data)
    .data                                    0x20000019   Section        1  adc_dma.o(.data)
    .bss                                     0x2000001c   Section      264  usart.o(.bss)
    .bss                                     0x20000124   Section     1602  atk_idm750c_uart.o(.bss)
    g_uart_handle                            0x20000124   Data          64  atk_idm750c_uart.o(.bss)
    g_uart_rx_frame                          0x20000164   Data        1026  atk_idm750c_uart.o(.bss)
    g_uart_tx_buf                            0x20000566   Data         512  atk_idm750c_uart.o(.bss)
    .bss                                     0x20000768   Section     2178  atk_mo1218_uart.o(.bss)
    g_uart_handle                            0x20000768   Data          64  atk_mo1218_uart.o(.bss)
    g_uart_rx_frame                          0x200007a8   Data        2050  atk_mo1218_uart.o(.bss)
    g_uart_tx_buf                            0x20000faa   Data          64  atk_mo1218_uart.o(.bss)
    .bss                                     0x20000fec   Section       48  adc.o(.bss)
    .bss                                     0x2000101c   Section      156  adc_dma.o(.bss)
    .bss                                     0x200010b8   Section       96  libspace.o(.bss)
    HEAP                                     0x20001118   Section      512  startup_stm32f103xe.o(HEAP)
    Heap_Mem                                 0x20001118   Data         512  startup_stm32f103xe.o(HEAP)
    STACK                                    0x20001318   Section     1024  startup_stm32f103xe.o(STACK)
    Stack_Mem                                0x20001318   Data        1024  startup_stm32f103xe.o(STACK)
    __initial_sp                             0x20001718   Data           0  startup_stm32f103xe.o(STACK)

    Global Symbols

    Symbol Name                              Value     Ov Type        Size  Object(Section)

    BuildAttributes$$THM_ISAv4$P$D$K$B$S$PE$A:L22UL41UL21$X:L11$S22US41US21$IEEE1$IW$USESV6$~STKCKD$USESV7$~SHL$OTIME$ROPI$IEEEX$EBA8$UX$STANDARDLIB$REQ8$PRES8$EABIv2 0x00000000   Number         0  anon$$obj.o ABSOLUTE
    __ARM_use_no_argv                        0x00000000   Number         0  main.o ABSOLUTE
    _printf_flags                            0x00000000   Number         0  printf_stubs.o ABSOLUTE
    _printf_return_value                     0x00000000   Number         0  printf_stubs.o ABSOLUTE
    _printf_sizespec                         0x00000000   Number         0  printf_stubs.o ABSOLUTE
    _printf_widthprec                        0x00000000   Number         0  printf_stubs.o ABSOLUTE
    __ARM_exceptions_init                     - Undefined Weak Reference
    __alloca_initialize                       - Undefined Weak Reference
    __arm_preinit_                            - Undefined Weak Reference
    __cpp_initialize__aeabi_                  - Undefined Weak Reference
    __cxa_finalize                            - Undefined Weak Reference
    __sigvec_lookup                           - Undefined Weak Reference
    _atexit_init                              - Undefined Weak Reference
    _call_atexit_fns                          - Undefined Weak Reference
    _clock_init                               - Undefined Weak Reference
    _fp_trap_init                             - Undefined Weak Reference
    _fp_trap_shutdown                         - Undefined Weak Reference
    _get_lc_collate                           - Undefined Weak Reference
    _get_lc_monetary                          - Undefined Weak Reference
    _get_lc_time                              - Undefined Weak Reference
    _getenv_init                              - Undefined Weak Reference
    _handle_redirection                       - Undefined Weak Reference
    _init_alloc                               - Undefined Weak Reference
    _init_user_alloc                          - Undefined Weak Reference
    _initio                                   - Undefined Weak Reference
    _mutex_acquire                            - Undefined Weak Reference
    _mutex_release                            - Undefined Weak Reference
    _printf_mbtowc                            - Undefined Weak Reference
    _printf_wc                                - Undefined Weak Reference
    _rand_init                                - Undefined Weak Reference
    _signal_finish                            - Undefined Weak Reference
    _signal_init                              - Undefined Weak Reference
    _terminate_alloc                          - Undefined Weak Reference
    _terminate_user_alloc                     - Undefined Weak Reference
    _terminateio                              - Undefined Weak Reference
    __Vectors_Size                           0x00000130   Number         0  startup_stm32f103xe.o ABSOLUTE
    __Vectors                                0x08000000   Data           4  startup_stm32f103xe.o(RESET)
    __Vectors_End                            0x08000130   Data           0  startup_stm32f103xe.o(RESET)
    __main                                   0x08000131   Thumb Code     8  __main.o(!!!main)
    __scatterload                            0x08000139   Thumb Code     0  __scatter.o(!!!scatter)
    __scatterload_rt2                        0x08000139   Thumb Code    44  __scatter.o(!!!scatter)
    __scatterload_rt2_thumb_only             0x08000139   Thumb Code     0  __scatter.o(!!!scatter)
    __scatterload_null                       0x08000147   Thumb Code     0  __scatter.o(!!!scatter)
    __scatterload_copy                       0x0800016d   Thumb Code    26  __scatter_copy.o(!!handler_copy)
    __scatterload_zeroinit                   0x08000189   Thumb Code    28  __scatter_zi.o(!!handler_zi)
    _printf_f                                0x080001a5   Thumb Code     0  _printf_f.o(.ARM.Collect$$_printf_percent$$00000003)
    _printf_percent                          0x080001a5   Thumb Code     0  _printf_percent.o(.ARM.Collect$$_printf_percent$$00000000)
    _printf_percent_end                      0x080001ab   Thumb Code     0  _printf_percent_end.o(.ARM.Collect$$_printf_percent$$00000017)
    __rt_lib_init                            0x080001af   Thumb Code     0  libinit.o(.ARM.Collect$$libinit$$00000000)
    __rt_lib_init_fp_1                       0x080001b1   Thumb Code     0  libinit2.o(.ARM.Collect$$libinit$$00000002)
    __rt_lib_init_heap_1                     0x080001b1   Thumb Code     0  libinit2.o(.ARM.Collect$$libinit$$0000000A)
    __rt_lib_init_lc_common                  0x080001b1   Thumb Code     0  libinit2.o(.ARM.Collect$$libinit$$0000000F)
    __rt_lib_init_preinit_1                  0x080001b1   Thumb Code     0  libinit2.o(.ARM.Collect$$libinit$$00000004)
    __rt_lib_init_rand_1                     0x080001b1   Thumb Code     0  libinit2.o(.ARM.Collect$$libinit$$0000000E)
    __rt_lib_init_user_alloc_1               0x080001b1   Thumb Code     0  libinit2.o(.ARM.Collect$$libinit$$0000000C)
    __rt_lib_init_lc_collate_1               0x080001b7   Thumb Code     0  libinit2.o(.ARM.Collect$$libinit$$00000011)
    __rt_lib_init_lc_ctype_1                 0x080001b7   Thumb Code     0  libinit2.o(.ARM.Collect$$libinit$$00000013)
    __rt_lib_init_lc_monetary_1              0x080001b7   Thumb Code     0  libinit2.o(.ARM.Collect$$libinit$$00000015)
    __rt_lib_init_lc_numeric_2               0x080001b7   Thumb Code     0  libinit2.o(.ARM.Collect$$libinit$$00000016)
    __rt_lib_init_alloca_1                   0x080001c1   Thumb Code     0  libinit2.o(.ARM.Collect$$libinit$$0000002E)
    __rt_lib_init_argv_1                     0x080001c1   Thumb Code     0  libinit2.o(.ARM.Collect$$libinit$$0000002C)
    __rt_lib_init_atexit_1                   0x080001c1   Thumb Code     0  libinit2.o(.ARM.Collect$$libinit$$0000001B)
    __rt_lib_init_clock_1                    0x080001c1   Thumb Code     0  libinit2.o(.ARM.Collect$$libinit$$00000021)
    __rt_lib_init_cpp_1                      0x080001c1   Thumb Code     0  libinit2.o(.ARM.Collect$$libinit$$00000032)
    __rt_lib_init_exceptions_1               0x080001c1   Thumb Code     0  libinit2.o(.ARM.Collect$$libinit$$00000030)
    __rt_lib_init_fp_trap_1                  0x080001c1   Thumb Code     0  libinit2.o(.ARM.Collect$$libinit$$0000001F)
    __rt_lib_init_getenv_1                   0x080001c1   Thumb Code     0  libinit2.o(.ARM.Collect$$libinit$$00000023)
    __rt_lib_init_lc_numeric_1               0x080001c1   Thumb Code     0  libinit2.o(.ARM.Collect$$libinit$$00000017)
    __rt_lib_init_lc_time_1                  0x080001c1   Thumb Code     0  libinit2.o(.ARM.Collect$$libinit$$00000019)
    __rt_lib_init_return                     0x080001c1   Thumb Code     0  libinit2.o(.ARM.Collect$$libinit$$00000033)
    __rt_lib_init_signal_1                   0x080001c1   Thumb Code     0  libinit2.o(.ARM.Collect$$libinit$$0000001D)
    __rt_lib_init_stdio_1                    0x080001c1   Thumb Code     0  libinit2.o(.ARM.Collect$$libinit$$00000025)
    __rt_lib_shutdown                        0x080001c3   Thumb Code     0  libshutdown.o(.ARM.Collect$$libshutdown$$00000000)
    __rt_lib_shutdown_fp_trap_1              0x080001c5   Thumb Code     0  libshutdown2.o(.ARM.Collect$$libshutdown$$00000006)
    __rt_lib_shutdown_heap_1                 0x080001c5   Thumb Code     0  libshutdown2.o(.ARM.Collect$$libshutdown$$0000000E)
    __rt_lib_shutdown_return                 0x080001c5   Thumb Code     0  libshutdown2.o(.ARM.Collect$$libshutdown$$0000000F)
    __rt_lib_shutdown_signal_1               0x080001c5   Thumb Code     0  libshutdown2.o(.ARM.Collect$$libshutdown$$00000009)
    __rt_lib_shutdown_stdio_1                0x080001c5   Thumb Code     0  libshutdown2.o(.ARM.Collect$$libshutdown$$00000003)
    __rt_lib_shutdown_user_alloc_1           0x080001c5   Thumb Code     0  libshutdown2.o(.ARM.Collect$$libshutdown$$0000000B)
    __rt_entry                               0x080001c7   Thumb Code     0  __rtentry.o(.ARM.Collect$$rtentry$$00000000)
    __rt_entry_presh_1                       0x080001c7   Thumb Code     0  __rtentry2.o(.ARM.Collect$$rtentry$$00000002)
    __rt_entry_sh                            0x080001c7   Thumb Code     0  __rtentry4.o(.ARM.Collect$$rtentry$$00000004)
    __rt_entry_li                            0x080001cd   Thumb Code     0  __rtentry2.o(.ARM.Collect$$rtentry$$0000000A)
    __rt_entry_postsh_1                      0x080001cd   Thumb Code     0  __rtentry2.o(.ARM.Collect$$rtentry$$00000009)
    __rt_entry_main                          0x080001d1   Thumb Code     0  __rtentry2.o(.ARM.Collect$$rtentry$$0000000D)
    __rt_entry_postli_1                      0x080001d1   Thumb Code     0  __rtentry2.o(.ARM.Collect$$rtentry$$0000000C)
    __rt_exit                                0x080001d9   Thumb Code     0  rtexit.o(.ARM.Collect$$rtexit$$00000000)
    __rt_exit_ls                             0x080001db   Thumb Code     0  rtexit2.o(.ARM.Collect$$rtexit$$00000003)
    __rt_exit_prels_1                        0x080001db   Thumb Code     0  rtexit2.o(.ARM.Collect$$rtexit$$00000002)
    __rt_exit_exit                           0x080001df   Thumb Code     0  rtexit2.o(.ARM.Collect$$rtexit$$00000004)
    Reset_Handler                            0x080001e5   Thumb Code     8  startup_stm32f103xe.o(.text)
    PendSV_Handler                           0x080001fb   Thumb Code     2  startup_stm32f103xe.o(.text)
    SysTick_Handler                          0x080001fd   Thumb Code     2  startup_stm32f103xe.o(.text)
    ADC1_2_IRQHandler                        0x080001ff   Thumb Code     0  startup_stm32f103xe.o(.text)
    ADC3_IRQHandler                          0x080001ff   Thumb Code     0  startup_stm32f103xe.o(.text)
    CAN1_RX1_IRQHandler                      0x080001ff   Thumb Code     0  startup_stm32f103xe.o(.text)
    CAN1_SCE_IRQHandler                      0x080001ff   Thumb Code     0  startup_stm32f103xe.o(.text)
    DMA1_Channel2_IRQHandler                 0x080001ff   Thumb Code     0  startup_stm32f103xe.o(.text)
    DMA1_Channel3_IRQHandler                 0x080001ff   Thumb Code     0  startup_stm32f103xe.o(.text)
    DMA1_Channel4_IRQHandler                 0x080001ff   Thumb Code     0  startup_stm32f103xe.o(.text)
    DMA1_Channel5_IRQHandler                 0x080001ff   Thumb Code     0  startup_stm32f103xe.o(.text)
    DMA1_Channel6_IRQHandler                 0x080001ff   Thumb Code     0  startup_stm32f103xe.o(.text)
    DMA1_Channel7_IRQHandler                 0x080001ff   Thumb Code     0  startup_stm32f103xe.o(.text)
    DMA2_Channel1_IRQHandler                 0x080001ff   Thumb Code     0  startup_stm32f103xe.o(.text)
    DMA2_Channel2_IRQHandler                 0x080001ff   Thumb Code     0  startup_stm32f103xe.o(.text)
    DMA2_Channel3_IRQHandler                 0x080001ff   Thumb Code     0  startup_stm32f103xe.o(.text)
    DMA2_Channel4_5_IRQHandler               0x080001ff   Thumb Code     0  startup_stm32f103xe.o(.text)
    EXTI0_IRQHandler                         0x080001ff   Thumb Code     0  startup_stm32f103xe.o(.text)
    EXTI15_10_IRQHandler                     0x080001ff   Thumb Code     0  startup_stm32f103xe.o(.text)
    EXTI1_IRQHandler                         0x080001ff   Thumb Code     0  startup_stm32f103xe.o(.text)
    EXTI2_IRQHandler                         0x080001ff   Thumb Code     0  startup_stm32f103xe.o(.text)
    EXTI3_IRQHandler                         0x080001ff   Thumb Code     0  startup_stm32f103xe.o(.text)
    EXTI4_IRQHandler                         0x080001ff   Thumb Code     0  startup_stm32f103xe.o(.text)
    EXTI9_5_IRQHandler                       0x080001ff   Thumb Code     0  startup_stm32f103xe.o(.text)
    FLASH_IRQHandler                         0x080001ff   Thumb Code     0  startup_stm32f103xe.o(.text)
    FSMC_IRQHandler                          0x080001ff   Thumb Code     0  startup_stm32f103xe.o(.text)
    I2C1_ER_IRQHandler                       0x080001ff   Thumb Code     0  startup_stm32f103xe.o(.text)
    I2C1_EV_IRQHandler                       0x080001ff   Thumb Code     0  startup_stm32f103xe.o(.text)
    I2C2_ER_IRQHandler                       0x080001ff   Thumb Code     0  startup_stm32f103xe.o(.text)
    I2C2_EV_IRQHandler                       0x080001ff   Thumb Code     0  startup_stm32f103xe.o(.text)
    PVD_IRQHandler                           0x080001ff   Thumb Code     0  startup_stm32f103xe.o(.text)
    RCC_IRQHandler                           0x080001ff   Thumb Code     0  startup_stm32f103xe.o(.text)
    RTC_Alarm_IRQHandler                     0x080001ff   Thumb Code     0  startup_stm32f103xe.o(.text)
    RTC_IRQHandler                           0x080001ff   Thumb Code     0  startup_stm32f103xe.o(.text)
    SDIO_IRQHandler                          0x080001ff   Thumb Code     0  startup_stm32f103xe.o(.text)
    SPI1_IRQHandler                          0x080001ff   Thumb Code     0  startup_stm32f103xe.o(.text)
    SPI2_IRQHandler                          0x080001ff   Thumb Code     0  startup_stm32f103xe.o(.text)
    SPI3_IRQHandler                          0x080001ff   Thumb Code     0  startup_stm32f103xe.o(.text)
    TAMPER_IRQHandler                        0x080001ff   Thumb Code     0  startup_stm32f103xe.o(.text)
    TIM1_BRK_IRQHandler                      0x080001ff   Thumb Code     0  startup_stm32f103xe.o(.text)
    TIM1_CC_IRQHandler                       0x080001ff   Thumb Code     0  startup_stm32f103xe.o(.text)
    TIM1_TRG_COM_IRQHandler                  0x080001ff   Thumb Code     0  startup_stm32f103xe.o(.text)
    TIM1_UP_IRQHandler                       0x080001ff   Thumb Code     0  startup_stm32f103xe.o(.text)
    TIM2_IRQHandler                          0x080001ff   Thumb Code     0  startup_stm32f103xe.o(.text)
    TIM3_IRQHandler                          0x080001ff   Thumb Code     0  startup_stm32f103xe.o(.text)
    TIM4_IRQHandler                          0x080001ff   Thumb Code     0  startup_stm32f103xe.o(.text)
    TIM5_IRQHandler                          0x080001ff   Thumb Code     0  startup_stm32f103xe.o(.text)
    TIM6_IRQHandler                          0x080001ff   Thumb Code     0  startup_stm32f103xe.o(.text)
    TIM7_IRQHandler                          0x080001ff   Thumb Code     0  startup_stm32f103xe.o(.text)
    TIM8_BRK_IRQHandler                      0x080001ff   Thumb Code     0  startup_stm32f103xe.o(.text)
    TIM8_CC_IRQHandler                       0x080001ff   Thumb Code     0  startup_stm32f103xe.o(.text)
    TIM8_TRG_COM_IRQHandler                  0x080001ff   Thumb Code     0  startup_stm32f103xe.o(.text)
    TIM8_UP_IRQHandler                       0x080001ff   Thumb Code     0  startup_stm32f103xe.o(.text)
    UART4_IRQHandler                         0x080001ff   Thumb Code     0  startup_stm32f103xe.o(.text)
    UART5_IRQHandler                         0x080001ff   Thumb Code     0  startup_stm32f103xe.o(.text)
    USBWakeUp_IRQHandler                     0x080001ff   Thumb Code     0  startup_stm32f103xe.o(.text)
    USB_HP_CAN1_TX_IRQHandler                0x080001ff   Thumb Code     0  startup_stm32f103xe.o(.text)
    USB_LP_CAN1_RX0_IRQHandler               0x080001ff   Thumb Code     0  startup_stm32f103xe.o(.text)
    WWDG_IRQHandler                          0x080001ff   Thumb Code     0  startup_stm32f103xe.o(.text)
    __user_initial_stackheap                 0x08000201   Thumb Code     0  startup_stm32f103xe.o(.text)
    __use_no_semihosting                     0x08000225   Thumb Code     2  use_no_semi_2.o(.text)
    __2printf                                0x08000229   Thumb Code    20  __2printf.o(.text)
    __printf                                 0x08000241   Thumb Code   388  __printf_flags_ss_wp.o(.text)
    __aeabi_memclr4                          0x080003c9   Thumb Code     0  rt_memclr_w.o(.text)
    __aeabi_memclr8                          0x080003c9   Thumb Code     0  rt_memclr_w.o(.text)
    __rt_memclr_w                            0x080003c9   Thumb Code    78  rt_memclr_w.o(.text)
    _memset_w                                0x080003cd   Thumb Code     0  rt_memclr_w.o(.text)
    __use_two_region_memory                  0x08000417   Thumb Code     2  heapauxi.o(.text)
    __rt_heap_escrow$2region                 0x08000419   Thumb Code     2  heapauxi.o(.text)
    __rt_heap_expand$2region                 0x0800041b   Thumb Code     2  heapauxi.o(.text)
    __semihosting$guard                      0x0800041d   Thumb Code     0  use_no_semi.o(.text)
    __use_no_semihosting_swi                 0x0800041d   Thumb Code     2  use_no_semi.o(.text)
    __lib_sel_fp_printf                      0x0800041f   Thumb Code     2  _printf_fp_dec.o(.text)
    _printf_fp_dec_real                      0x080005cd   Thumb Code   620  _printf_fp_dec.o(.text)
    _printf_char_common                      0x08000843   Thumb Code    32  _printf_char_common.o(.text)
    _printf_char_file                        0x08000869   Thumb Code    32  _printf_char_file.o(.text)
    __rt_locale                              0x0800088d   Thumb Code     8  rt_locale_intlibspace.o(.text)
    _ll_udiv10                               0x08000895   Thumb Code   138  lludiv10.o(.text)
    _printf_fp_infnan                        0x08000921   Thumb Code   112  _printf_fp_infnan.o(.text)
    _btod_etento                             0x080009a1   Thumb Code   216  bigflt0.o(.text)
    ferror                                   0x08000a7d   Thumb Code     8  ferror.o(.text)
    __user_libspace                          0x08000a85   Thumb Code     8  libspace.o(.text)
    __user_perproc_libspace                  0x08000a85   Thumb Code     0  libspace.o(.text)
    __user_perthread_libspace                0x08000a85   Thumb Code     0  libspace.o(.text)
    __user_setup_stackheap                   0x08000a8d   Thumb Code    74  sys_stackheap_outer.o(.text)
    exit                                     0x08000ad7   Thumb Code    12  exit.o(.text)
    strcmp                                   0x08000ae5   Thumb Code   128  strcmpv7m.o(.text)
    _btod_d2e                                0x08000b65   Thumb Code    62  btod.o(CL$$btod_d2e)
    _d2e_denorm_low                          0x08000ba3   Thumb Code    70  btod.o(CL$$btod_d2e_denorm_low)
    _d2e_norm_op1                            0x08000be9   Thumb Code    96  btod.o(CL$$btod_d2e_norm_op1)
    __btod_div_common                        0x08000c49   Thumb Code   696  btod.o(CL$$btod_div_common)
    _e2e                                     0x08000f81   Thumb Code   198  btod.o(CL$$btod_e2e)
    _btod_ediv                               0x08001047   Thumb Code    40  btod.o(CL$$btod_ediv)
    _btod_emul                               0x0800106f   Thumb Code    40  btod.o(CL$$btod_emul)
    __btod_mult_common                       0x08001097   Thumb Code   580  btod.o(CL$$btod_mult_common)
    ADC_ConversionStop_Disable               0x080012db   Thumb Code    82  stm32f1xx_hal_adc.o(i.ADC_ConversionStop_Disable)
    ADC_DMAConvCplt                          0x0800132d   Thumb Code    82  stm32f1xx_hal_adc.o(i.ADC_DMAConvCplt)
    ADC_DMAError                             0x0800137f   Thumb Code    30  stm32f1xx_hal_adc.o(i.ADC_DMAError)
    ADC_DMAHalfConvCplt                      0x0800139d   Thumb Code    14  stm32f1xx_hal_adc.o(i.ADC_DMAHalfConvCplt)
    ADC_Enable                               0x080013ad   Thumb Code   122  stm32f1xx_hal_adc.o(i.ADC_Enable)
    BusFault_Handler                         0x08001431   Thumb Code     4  stm32f1xx_it.o(i.BusFault_Handler)
    DMA1_Channel1_IRQHandler                 0x08001435   Thumb Code    30  adc_dma.o(i.DMA1_Channel1_IRQHandler)
    DebugMon_Handler                         0x08001489   Thumb Code     2  stm32f1xx_it.o(i.DebugMon_Handler)
    HAL_ADCEx_Calibration_Start              0x0800148d   Thumb Code   256  stm32f1xx_hal_adc_ex.o(i.HAL_ADCEx_Calibration_Start)
    HAL_ADC_ConfigChannel                    0x08001591   Thumb Code   338  stm32f1xx_hal_adc.o(i.HAL_ADC_ConfigChannel)
    HAL_ADC_ConvCpltCallback                 0x080016f1   Thumb Code     2  stm32f1xx_hal_adc.o(i.HAL_ADC_ConvCpltCallback)
    HAL_ADC_ConvHalfCpltCallback             0x080016f3   Thumb Code     2  stm32f1xx_hal_adc.o(i.HAL_ADC_ConvHalfCpltCallback)
    HAL_ADC_ErrorCallback                    0x080016f5   Thumb Code     2  stm32f1xx_hal_adc.o(i.HAL_ADC_ErrorCallback)
    HAL_ADC_GetValue                         0x080016f7   Thumb Code     8  stm32f1xx_hal_adc.o(i.HAL_ADC_GetValue)
    HAL_ADC_Init                             0x08001701   Thumb Code   340  stm32f1xx_hal_adc.o(i.HAL_ADC_Init)
    HAL_ADC_MspInit                          0x08001861   Thumb Code   112  adc_dma.o(i.HAL_ADC_MspInit)
    HAL_ADC_PollForConversion                0x080018dd   Thumb Code   350  stm32f1xx_hal_adc.o(i.HAL_ADC_PollForConversion)
    HAL_ADC_Start                            0x08001a4d   Thumb Code   294  stm32f1xx_hal_adc.o(i.HAL_ADC_Start)
    HAL_ADC_Start_DMA                        0x08001b7d   Thumb Code   362  stm32f1xx_hal_adc.o(i.HAL_ADC_Start_DMA)
    HAL_DMA_Abort_IT                         0x08001cfd   Thumb Code   414  stm32f1xx_hal_dma.o(i.HAL_DMA_Abort_IT)
    HAL_DMA_Init                             0x08001ea5   Thumb Code   132  stm32f1xx_hal_dma.o(i.HAL_DMA_Init)
    HAL_DMA_Start_IT                         0x08001f31   Thumb Code   156  stm32f1xx_hal_dma.o(i.HAL_DMA_Start_IT)
    HAL_GPIO_Init                            0x08001fcd   Thumb Code   792  stm32f1xx_hal_gpio.o(i.HAL_GPIO_Init)
    HAL_GPIO_TogglePin                       0x0800230d   Thumb Code    20  stm32f1xx_hal_gpio.o(i.HAL_GPIO_TogglePin)
    HAL_GPIO_WritePin                        0x08002321   Thumb Code    12  stm32f1xx_hal_gpio.o(i.HAL_GPIO_WritePin)
    HAL_GetTick                              0x0800232d   Thumb Code     6  stm32f1xx_hal.o(i.HAL_GetTick)
    HAL_Init                                 0x08002339   Thumb Code    34  stm32f1xx_hal.o(i.HAL_Init)
    HAL_InitTick                             0x08002361   Thumb Code    64  stm32f1xx_hal.o(i.HAL_InitTick)
    HAL_MspInit                              0x080023ad   Thumb Code     2  stm32f1xx_hal.o(i.HAL_MspInit)
    HAL_NVIC_EnableIRQ                       0x080023af   Thumb Code    32  stm32f1xx_hal_cortex.o(i.HAL_NVIC_EnableIRQ)
    HAL_NVIC_SetPriority                     0x080023cf   Thumb Code   124  stm32f1xx_hal_cortex.o(i.HAL_NVIC_SetPriority)
    HAL_NVIC_SetPriorityGrouping             0x0800244d   Thumb Code    32  stm32f1xx_hal_cortex.o(i.HAL_NVIC_SetPriorityGrouping)
    HAL_RCCEx_GetPeriphCLKFreq               0x08002475   Thumb Code   276  stm32f1xx_hal_rcc_ex.o(i.HAL_RCCEx_GetPeriphCLKFreq)
    HAL_RCCEx_PeriphCLKConfig                0x080025a9   Thumb Code   290  stm32f1xx_hal_rcc_ex.o(i.HAL_RCCEx_PeriphCLKConfig)
    HAL_RCC_ClockConfig                      0x080026d9   Thumb Code   376  stm32f1xx_hal_rcc.o(i.HAL_RCC_ClockConfig)
    HAL_RCC_GetHCLKFreq                      0x08002865   Thumb Code     6  stm32f1xx_hal_rcc.o(i.HAL_RCC_GetHCLKFreq)
    HAL_RCC_GetPCLK1Freq                     0x08002871   Thumb Code    22  stm32f1xx_hal_rcc.o(i.HAL_RCC_GetPCLK1Freq)
    HAL_RCC_GetPCLK2Freq                     0x08002891   Thumb Code    22  stm32f1xx_hal_rcc.o(i.HAL_RCC_GetPCLK2Freq)
    HAL_RCC_GetSysClockFreq                  0x080028b1   Thumb Code   116  stm32f1xx_hal_rcc.o(i.HAL_RCC_GetSysClockFreq)
    HAL_RCC_OscConfig                        0x08002945   Thumb Code  1114  stm32f1xx_hal_rcc.o(i.HAL_RCC_OscConfig)
    HAL_SYSTICK_CLKSourceConfig              0x08002da9   Thumb Code    40  stm32f1xx_hal_cortex.o(i.HAL_SYSTICK_CLKSourceConfig)
    HAL_SYSTICK_Config                       0x08002dd1   Thumb Code    52  stm32f1xx_hal_cortex.o(i.HAL_SYSTICK_Config)
    HAL_UART_ErrorCallback                   0x08002e05   Thumb Code     2  stm32f1xx_hal_uart.o(i.HAL_UART_ErrorCallback)
    HAL_UART_IRQHandler                      0x08002e09   Thumb Code   334  stm32f1xx_hal_uart.o(i.HAL_UART_IRQHandler)
    HAL_UART_Init                            0x08002f5d   Thumb Code   114  stm32f1xx_hal_uart.o(i.HAL_UART_Init)
    HAL_UART_MspInit                         0x08002fd1   Thumb Code   546  usart.o(i.HAL_UART_MspInit)
    HAL_UART_Receive                         0x0800320d   Thumb Code   216  stm32f1xx_hal_uart.o(i.HAL_UART_Receive)
    HAL_UART_Receive_IT                      0x080032e5   Thumb Code   112  stm32f1xx_hal_uart.o(i.HAL_UART_Receive_IT)
    HAL_UART_RxCpltCallback                  0x08003355   Thumb Code   120  usart.o(i.HAL_UART_RxCpltCallback)
    HAL_UART_TxCpltCallback                  0x080033dd   Thumb Code     2  stm32f1xx_hal_uart.o(i.HAL_UART_TxCpltCallback)
    HardFault_Handler                        0x080033df   Thumb Code     4  stm32f1xx_it.o(i.HardFault_Handler)
    MemManage_Handler                        0x080033e3   Thumb Code     4  stm32f1xx_it.o(i.MemManage_Handler)
    NMI_Handler                              0x080033e7   Thumb Code     2  stm32f1xx_it.o(i.NMI_Handler)
    SVC_Handler                              0x08003411   Thumb Code     2  stm32f1xx_it.o(i.SVC_Handler)
    SystemInit                               0x08003413   Thumb Code     2  system_stm32f1xx.o(i.SystemInit)
    USART1_IRQHandler                        0x080036d1   Thumb Code    26  usart.o(i.USART1_IRQHandler)
    USART2_IRQHandler                        0x080036f5   Thumb Code   256  atk_idm750c_uart.o(i.USART2_IRQHandler)
    USART3_IRQHandler                        0x080037fd   Thumb Code   256  atk_mo1218_uart.o(i.USART3_IRQHandler)
    UsageFault_Handler                       0x08003905   Thumb Code     4  stm32f1xx_it.o(i.UsageFault_Handler)
    __ARM_fpclassify                         0x08003909   Thumb Code    40  fpclassify.o(i.__ARM_fpclassify)
    _is_digit                                0x08003969   Thumb Code    14  __printf_wp.o(i._is_digit)
    _sys_exit                                0x08003977   Thumb Code     4  usart.o(i._sys_exit)
    adc_channel_set                          0x0800397b   Thumb Code    28  adc.o(i.adc_channel_set)
    adc_get_result                           0x08003999   Thumb Code    40  adc.o(i.adc_get_result)
    adc_init                                 0x080039c5   Thumb Code    48  adc.o(i.adc_init)
    adc_nch_dma_init                         0x080039fd   Thumb Code   200  adc_dma.o(i.adc_nch_dma_init)
    delay_init                               0x08003ad9   Thumb Code    34  delay.o(i.delay_init)
    delay_ms                                 0x08003b01   Thumb Code    50  delay.o(i.delay_ms)
    delay_us                                 0x08003b39   Thumb Code    72  delay.o(i.delay_us)
    fputc                                    0x08003b85   Thumb Code    24  usart.o(i.fputc)
    led_init                                 0x08003ba1   Thumb Code   132  led.o(i.led_init)
    main                                     0x08003c31   Thumb Code   474  main.o(i.main)
    sys_stm32_clock_init                     0x08003ec1   Thumb Code    86  sys.o(i.sys_stm32_clock_init)
    usart_init                               0x08003f19   Thumb Code    44  usart.o(i.usart_init)
    _get_lc_numeric                          0x08003f51   Thumb Code    44  lc_numeric_c.o(locale$$code)
    __aeabi_d2f                              0x08003f7d   Thumb Code     0  d2f.o(x$fpl$d2f)
    _d2f                                     0x08003f7d   Thumb Code    98  d2f.o(x$fpl$d2f)
    __aeabi_dadd                             0x08003fe1   Thumb Code     0  daddsub_clz.o(x$fpl$dadd)
    _dadd                                    0x08003fe1   Thumb Code   332  daddsub_clz.o(x$fpl$dadd)
    __fpl_dcmp_Inf                           0x08004131   Thumb Code    24  dcmpi.o(x$fpl$dcmpinf)
    __aeabi_ddiv                             0x08004149   Thumb Code     0  ddiv.o(x$fpl$ddiv)
    _ddiv                                    0x08004149   Thumb Code   552  ddiv.o(x$fpl$ddiv)
    __aeabi_cdcmple                          0x080043f9   Thumb Code     0  dleqf.o(x$fpl$dleqf)
    _dcmple                                  0x080043f9   Thumb Code   120  dleqf.o(x$fpl$dleqf)
    __fpl_dcmple_InfNaN                      0x0800445b   Thumb Code     0  dleqf.o(x$fpl$dleqf)
    __aeabi_dmul                             0x08004471   Thumb Code     0  dmul.o(x$fpl$dmul)
    _dmul                                    0x08004471   Thumb Code   332  dmul.o(x$fpl$dmul)
    __fpl_dnaninf                            0x080045c5   Thumb Code   156  dnaninf.o(x$fpl$dnaninf)
    __fpl_dretinf                            0x08004661   Thumb Code    12  dretinf.o(x$fpl$dretinf)
    __aeabi_dsub                             0x0800466d   Thumb Code     0  daddsub_clz.o(x$fpl$dsub)
    _dsub                                    0x0800466d   Thumb Code   464  daddsub_clz.o(x$fpl$dsub)
    __aeabi_f2d                              0x08004841   Thumb Code     0  f2d.o(x$fpl$f2d)
    _f2d                                     0x08004841   Thumb Code    86  f2d.o(x$fpl$f2d)
    __fpl_fcmp_Inf                           0x08004897   Thumb Code    24  fcmpi.o(x$fpl$fcmpinf)
    __aeabi_f2uiz                            0x080048b1   Thumb Code     0  ffixu.o(x$fpl$ffixu)
    _ffixu                                   0x080048b1   Thumb Code    62  ffixu.o(x$fpl$ffixu)
    __aeabi_ui2f                             0x080048f1   Thumb Code     0  fflt_clz.o(x$fpl$ffltu)
    _ffltu                                   0x080048f1   Thumb Code    38  fflt_clz.o(x$fpl$ffltu)
    __aeabi_cfcmple                          0x08004919   Thumb Code     0  fleqf.o(x$fpl$fleqf)
    _fcmple                                  0x08004919   Thumb Code   104  fleqf.o(x$fpl$fleqf)
    __fpl_fcmple_InfNaN                      0x0800496b   Thumb Code     0  fleqf.o(x$fpl$fleqf)
    __fpl_fnaninf                            0x08004981   Thumb Code   140  fnaninf.o(x$fpl$fnaninf)
    __fpl_fretinf                            0x08004a0d   Thumb Code    10  fretinf.o(x$fpl$fretinf)
    __aeabi_cfrcmple                         0x08004a17   Thumb Code     0  frleqf.o(x$fpl$frleqf)
    _frcmple                                 0x08004a17   Thumb Code    98  frleqf.o(x$fpl$frleqf)
    _printf_fp_dec                           0x08004a79   Thumb Code     4  printf1.o(x$fpl$printf1)
    AHBPrescTable                            0x08004a7c   Data          16  system_stm32f1xx.o(.constdata)
    __I$use$fp                               0x08004a7c   Number         0  usenofp.o(x$fpl$usenofp)
    APBPrescTable                            0x08004a8c   Data           8  system_stm32f1xx.o(.constdata)
    Region$$Table$$Base                      0x08004b3c   Number         0  anon$$obj.o(Region$$Table)
    Region$$Table$$Limit                     0x08004b5c   Number         0  anon$$obj.o(Region$$Table)
    SystemCoreClock                          0x20000000   Data           4  system_stm32f1xx.o(.data)
    __stdout                                 0x20000008   Data           4  usart.o(.data)
    g_usart_rx_sta                           0x2000000c   Data           2  usart.o(.data)
    g_rx_buffer                              0x2000000e   Data           1  usart.o(.data)
    uwTick                                   0x20000010   Data           4  stm32f1xx_hal.o(.data)
    uwTickPrio                               0x20000014   Data           4  stm32f1xx_hal.o(.data)
    uwTickFreq                               0x20000018   Data           1  stm32f1xx_hal.o(.data)
    g_adc_dma_sta                            0x20000019   Data           1  adc_dma.o(.data)
    g_usart_rx_buf                           0x2000001c   Data         200  usart.o(.bss)
    g_uart1_handle                           0x200000e4   Data          64  usart.o(.bss)
    g_adc_handle                             0x20000fec   Data          48  adc.o(.bss)
    g_dma_nch_adc_handle                     0x2000101c   Data          68  adc_dma.o(.bss)
    g_adc_nch_dma_handle                     0x20001060   Data          48  adc_dma.o(.bss)
    g_adc_dma_buf                            0x20001090   Data          40  adc_dma.o(.bss)
    __libspace_start                         0x200010b8   Data          96  libspace.o(.bss)
    __temporary_stack_top$libspace           0x20001118   Data           0  libspace.o(.bss)



==============================================================================

Memory Map of the image

  Image Entry point : 0x08000131

  Load Region LR_IROM1 (Base: 0x08000000, Size: 0x00004b94, Max: 0x00080000, ABSOLUTE)

    Execution Region ER_IROM1 (Base: 0x08000000, Size: 0x00004b78, Max: 0x00080000, ABSOLUTE)

    Base Addr    Size         Type   Attr      Idx    E Section Name        Object

    0x08000000   0x00000130   Data   RO            3    RESET               startup_stm32f103xe.o
    0x08000130   0x00000008   Code   RO         6158  * !!!main             c_w.l(__main.o)
    0x08000138   0x00000034   Code   RO         6576    !!!scatter          c_w.l(__scatter.o)
    0x0800016c   0x0000001a   Code   RO         6578    !!handler_copy      c_w.l(__scatter_copy.o)
    0x08000186   0x00000002   PAD
    0x08000188   0x0000001c   Code   RO         6580    !!handler_zi        c_w.l(__scatter_zi.o)
    0x080001a4   0x00000000   Code   RO         6143    .ARM.Collect$$_printf_percent$$00000000  c_w.l(_printf_percent.o)
    0x080001a4   0x00000006   Code   RO         6142    .ARM.Collect$$_printf_percent$$00000003  c_w.l(_printf_f.o)
    0x080001aa   0x00000004   Code   RO         6282    .ARM.Collect$$_printf_percent$$00000017  c_w.l(_printf_percent_end.o)
    0x080001ae   0x00000002   Code   RO         6448    .ARM.Collect$$libinit$$00000000  c_w.l(libinit.o)
    0x080001b0   0x00000000   Code   RO         6450    .ARM.Collect$$libinit$$00000002  c_w.l(libinit2.o)
    0x080001b0   0x00000000   Code   RO         6452    .ARM.Collect$$libinit$$00000004  c_w.l(libinit2.o)
    0x080001b0   0x00000000   Code   RO         6455    .ARM.Collect$$libinit$$0000000A  c_w.l(libinit2.o)
    0x080001b0   0x00000000   Code   RO         6457    .ARM.Collect$$libinit$$0000000C  c_w.l(libinit2.o)
    0x080001b0   0x00000000   Code   RO         6459    .ARM.Collect$$libinit$$0000000E  c_w.l(libinit2.o)
    0x080001b0   0x00000006   Code   RO         6460    .ARM.Collect$$libinit$$0000000F  c_w.l(libinit2.o)
    0x080001b6   0x00000000   Code   RO         6462    .ARM.Collect$$libinit$$00000011  c_w.l(libinit2.o)
    0x080001b6   0x00000000   Code   RO         6464    .ARM.Collect$$libinit$$00000013  c_w.l(libinit2.o)
    0x080001b6   0x00000000   Code   RO         6466    .ARM.Collect$$libinit$$00000015  c_w.l(libinit2.o)
    0x080001b6   0x0000000a   Code   RO         6467    .ARM.Collect$$libinit$$00000016  c_w.l(libinit2.o)
    0x080001c0   0x00000000   Code   RO         6468    .ARM.Collect$$libinit$$00000017  c_w.l(libinit2.o)
    0x080001c0   0x00000000   Code   RO         6470    .ARM.Collect$$libinit$$00000019  c_w.l(libinit2.o)
    0x080001c0   0x00000000   Code   RO         6472    .ARM.Collect$$libinit$$0000001B  c_w.l(libinit2.o)
    0x080001c0   0x00000000   Code   RO         6474    .ARM.Collect$$libinit$$0000001D  c_w.l(libinit2.o)
    0x080001c0   0x00000000   Code   RO         6476    .ARM.Collect$$libinit$$0000001F  c_w.l(libinit2.o)
    0x080001c0   0x00000000   Code   RO         6478    .ARM.Collect$$libinit$$00000021  c_w.l(libinit2.o)
    0x080001c0   0x00000000   Code   RO         6480    .ARM.Collect$$libinit$$00000023  c_w.l(libinit2.o)
    0x080001c0   0x00000000   Code   RO         6482    .ARM.Collect$$libinit$$00000025  c_w.l(libinit2.o)
    0x080001c0   0x00000000   Code   RO         6486    .ARM.Collect$$libinit$$0000002C  c_w.l(libinit2.o)
    0x080001c0   0x00000000   Code   RO         6488    .ARM.Collect$$libinit$$0000002E  c_w.l(libinit2.o)
    0x080001c0   0x00000000   Code   RO         6490    .ARM.Collect$$libinit$$00000030  c_w.l(libinit2.o)
    0x080001c0   0x00000000   Code   RO         6492    .ARM.Collect$$libinit$$00000032  c_w.l(libinit2.o)
    0x080001c0   0x00000002   Code   RO         6493    .ARM.Collect$$libinit$$00000033  c_w.l(libinit2.o)
    0x080001c2   0x00000002   Code   RO         6540    .ARM.Collect$$libshutdown$$00000000  c_w.l(libshutdown.o)
    0x080001c4   0x00000000   Code   RO         6547    .ARM.Collect$$libshutdown$$00000003  c_w.l(libshutdown2.o)
    0x080001c4   0x00000000   Code   RO         6550    .ARM.Collect$$libshutdown$$00000006  c_w.l(libshutdown2.o)
    0x080001c4   0x00000000   Code   RO         6553    .ARM.Collect$$libshutdown$$00000009  c_w.l(libshutdown2.o)
    0x080001c4   0x00000000   Code   RO         6555    .ARM.Collect$$libshutdown$$0000000B  c_w.l(libshutdown2.o)
    0x080001c4   0x00000000   Code   RO         6558    .ARM.Collect$$libshutdown$$0000000E  c_w.l(libshutdown2.o)
    0x080001c4   0x00000002   Code   RO         6559    .ARM.Collect$$libshutdown$$0000000F  c_w.l(libshutdown2.o)
    0x080001c6   0x00000000   Code   RO         6242    .ARM.Collect$$rtentry$$00000000  c_w.l(__rtentry.o)
    0x080001c6   0x00000000   Code   RO         6351    .ARM.Collect$$rtentry$$00000002  c_w.l(__rtentry2.o)
    0x080001c6   0x00000006   Code   RO         6363    .ARM.Collect$$rtentry$$00000004  c_w.l(__rtentry4.o)
    0x080001cc   0x00000000   Code   RO         6353    .ARM.Collect$$rtentry$$00000009  c_w.l(__rtentry2.o)
    0x080001cc   0x00000004   Code   RO         6354    .ARM.Collect$$rtentry$$0000000A  c_w.l(__rtentry2.o)
    0x080001d0   0x00000000   Code   RO         6356    .ARM.Collect$$rtentry$$0000000C  c_w.l(__rtentry2.o)
    0x080001d0   0x00000008   Code   RO         6357    .ARM.Collect$$rtentry$$0000000D  c_w.l(__rtentry2.o)
    0x080001d8   0x00000002   Code   RO         6496    .ARM.Collect$$rtexit$$00000000  c_w.l(rtexit.o)
    0x080001da   0x00000000   Code   RO         6512    .ARM.Collect$$rtexit$$00000002  c_w.l(rtexit2.o)
    0x080001da   0x00000004   Code   RO         6513    .ARM.Collect$$rtexit$$00000003  c_w.l(rtexit2.o)
    0x080001de   0x00000006   Code   RO         6514    .ARM.Collect$$rtexit$$00000004  c_w.l(rtexit2.o)
    0x080001e4   0x00000040   Code   RO            4    .text               startup_stm32f103xe.o
    0x08000224   0x00000002   Code   RO         6075    .text               c_w.l(use_no_semi_2.o)
    0x08000226   0x00000002   PAD
    0x08000228   0x00000018   Code   RO         6081    .text               c_w.l(__2printf.o)
    0x08000240   0x00000188   Code   RO         6135    .text               c_w.l(__printf_flags_ss_wp.o)
    0x080003c8   0x0000004e   Code   RO         6154    .text               c_w.l(rt_memclr_w.o)
    0x08000416   0x00000006   Code   RO         6156    .text               c_w.l(heapauxi.o)
    0x0800041c   0x00000002   Code   RO         6240    .text               c_w.l(use_no_semi.o)
    0x0800041e   0x0000041a   Code   RO         6253    .text               c_w.l(_printf_fp_dec.o)
    0x08000838   0x00000030   Code   RO         6255    .text               c_w.l(_printf_char_common.o)
    0x08000868   0x00000024   Code   RO         6261    .text               c_w.l(_printf_char_file.o)
    0x0800088c   0x00000008   Code   RO         6372    .text               c_w.l(rt_locale_intlibspace.o)
    0x08000894   0x0000008a   Code   RO         6379    .text               c_w.l(lludiv10.o)
    0x0800091e   0x00000002   PAD
    0x08000920   0x00000080   Code   RO         6384    .text               c_w.l(_printf_fp_infnan.o)
    0x080009a0   0x000000dc   Code   RO         6390    .text               c_w.l(bigflt0.o)
    0x08000a7c   0x00000008   Code   RO         6415    .text               c_w.l(ferror.o)
    0x08000a84   0x00000008   Code   RO         6430    .text               c_w.l(libspace.o)
    0x08000a8c   0x0000004a   Code   RO         6433    .text               c_w.l(sys_stackheap_outer.o)
    0x08000ad6   0x0000000c   Code   RO         6439    .text               c_w.l(exit.o)
    0x08000ae2   0x00000002   PAD
    0x08000ae4   0x00000080   Code   RO         6441    .text               c_w.l(strcmpv7m.o)
    0x08000b64   0x0000003e   Code   RO         6393    CL$$btod_d2e        c_w.l(btod.o)
    0x08000ba2   0x00000046   Code   RO         6395    CL$$btod_d2e_denorm_low  c_w.l(btod.o)
    0x08000be8   0x00000060   Code   RO         6394    CL$$btod_d2e_norm_op1  c_w.l(btod.o)
    0x08000c48   0x00000338   Code   RO         6403    CL$$btod_div_common  c_w.l(btod.o)
    0x08000f80   0x000000c6   Code   RO         6400    CL$$btod_e2e        c_w.l(btod.o)
    0x08001046   0x00000028   Code   RO         6397    CL$$btod_ediv       c_w.l(btod.o)
    0x0800106e   0x00000028   Code   RO         6396    CL$$btod_emul       c_w.l(btod.o)
    0x08001096   0x00000244   Code   RO         6402    CL$$btod_mult_common  c_w.l(btod.o)
    0x080012da   0x00000052   Code   RO         3353    i.ADC_ConversionStop_Disable  stm32f1xx_hal_adc.o
    0x0800132c   0x00000052   Code   RO         3354    i.ADC_DMAConvCplt   stm32f1xx_hal_adc.o
    0x0800137e   0x0000001e   Code   RO         3355    i.ADC_DMAError      stm32f1xx_hal_adc.o
    0x0800139c   0x0000000e   Code   RO         3356    i.ADC_DMAHalfConvCplt  stm32f1xx_hal_adc.o
    0x080013aa   0x00000002   PAD
    0x080013ac   0x00000084   Code   RO         3357    i.ADC_Enable        stm32f1xx_hal_adc.o
    0x08001430   0x00000004   Code   RO          300    i.BusFault_Handler  stm32f1xx_it.o
    0x08001434   0x00000028   Code   RO         6015    i.DMA1_Channel1_IRQHandler  adc_dma.o
    0x0800145c   0x0000002c   Code   RO         1046    i.DMA_SetConfig     stm32f1xx_hal_dma.o
    0x08001488   0x00000002   Code   RO          301    i.DebugMon_Handler  stm32f1xx_it.o
    0x0800148a   0x00000002   PAD
    0x0800148c   0x00000104   Code   RO         3533    i.HAL_ADCEx_Calibration_Start  stm32f1xx_hal_adc_ex.o
    0x08001590   0x00000160   Code   RO         3359    i.HAL_ADC_ConfigChannel  stm32f1xx_hal_adc.o
    0x080016f0   0x00000002   Code   RO         3360    i.HAL_ADC_ConvCpltCallback  stm32f1xx_hal_adc.o
    0x080016f2   0x00000002   Code   RO         3361    i.HAL_ADC_ConvHalfCpltCallback  stm32f1xx_hal_adc.o
    0x080016f4   0x00000002   Code   RO         3363    i.HAL_ADC_ErrorCallback  stm32f1xx_hal_adc.o
    0x080016f6   0x00000008   Code   RO         3366    i.HAL_ADC_GetValue  stm32f1xx_hal_adc.o
    0x080016fe   0x00000002   PAD
    0x08001700   0x00000160   Code   RO         3368    i.HAL_ADC_Init      stm32f1xx_hal_adc.o
    0x08001860   0x0000007c   Code   RO         6017    i.HAL_ADC_MspInit   adc_dma.o
    0x080018dc   0x00000170   Code   RO         3372    i.HAL_ADC_PollForConversion  stm32f1xx_hal_adc.o
    0x08001a4c   0x00000130   Code   RO         3374    i.HAL_ADC_Start     stm32f1xx_hal_adc.o
    0x08001b7c   0x00000180   Code   RO         3375    i.HAL_ADC_Start_DMA  stm32f1xx_hal_adc.o
    0x08001cfc   0x000001a8   Code   RO         1048    i.HAL_DMA_Abort_IT  stm32f1xx_hal_dma.o
    0x08001ea4   0x0000008c   Code   RO         1053    i.HAL_DMA_Init      stm32f1xx_hal_dma.o
    0x08001f30   0x0000009c   Code   RO         1057    i.HAL_DMA_Start_IT  stm32f1xx_hal_dma.o
    0x08001fcc   0x00000340   Code   RO         1144    i.HAL_GPIO_Init     stm32f1xx_hal_gpio.o
    0x0800230c   0x00000014   Code   RO         1147    i.HAL_GPIO_TogglePin  stm32f1xx_hal_gpio.o
    0x08002320   0x0000000c   Code   RO         1148    i.HAL_GPIO_WritePin  stm32f1xx_hal_gpio.o
    0x0800232c   0x0000000c   Code   RO          761    i.HAL_GetTick       stm32f1xx_hal.o
    0x08002338   0x00000028   Code   RO          768    i.HAL_Init          stm32f1xx_hal.o
    0x08002360   0x0000004c   Code   RO          769    i.HAL_InitTick      stm32f1xx_hal.o
    0x080023ac   0x00000002   Code   RO          771    i.HAL_MspInit       stm32f1xx_hal.o
    0x080023ae   0x00000020   Code   RO          926    i.HAL_NVIC_EnableIRQ  stm32f1xx_hal_cortex.o
    0x080023ce   0x0000007c   Code   RO          932    i.HAL_NVIC_SetPriority  stm32f1xx_hal_cortex.o
    0x0800244a   0x00000002   PAD
    0x0800244c   0x00000028   Code   RO          933    i.HAL_NVIC_SetPriorityGrouping  stm32f1xx_hal_cortex.o
    0x08002474   0x00000134   Code   RO         1476    i.HAL_RCCEx_GetPeriphCLKFreq  stm32f1xx_hal_rcc_ex.o
    0x080025a8   0x00000130   Code   RO         1477    i.HAL_RCCEx_PeriphCLKConfig  stm32f1xx_hal_rcc_ex.o
    0x080026d8   0x0000018c   Code   RO         1369    i.HAL_RCC_ClockConfig  stm32f1xx_hal_rcc.o
    0x08002864   0x0000000c   Code   RO         1374    i.HAL_RCC_GetHCLKFreq  stm32f1xx_hal_rcc.o
    0x08002870   0x00000020   Code   RO         1376    i.HAL_RCC_GetPCLK1Freq  stm32f1xx_hal_rcc.o
    0x08002890   0x00000020   Code   RO         1377    i.HAL_RCC_GetPCLK2Freq  stm32f1xx_hal_rcc.o
    0x080028b0   0x00000094   Code   RO         1378    i.HAL_RCC_GetSysClockFreq  stm32f1xx_hal_rcc.o
    0x08002944   0x00000464   Code   RO         1381    i.HAL_RCC_OscConfig  stm32f1xx_hal_rcc.o
    0x08002da8   0x00000028   Code   RO          935    i.HAL_SYSTICK_CLKSourceConfig  stm32f1xx_hal_cortex.o
    0x08002dd0   0x00000034   Code   RO          937    i.HAL_SYSTICK_Config  stm32f1xx_hal_cortex.o
    0x08002e04   0x00000002   Code   RO         1532    i.HAL_UART_ErrorCallback  stm32f1xx_hal_uart.o
    0x08002e06   0x00000002   PAD
    0x08002e08   0x00000154   Code   RO         1535    i.HAL_UART_IRQHandler  stm32f1xx_hal_uart.o
    0x08002f5c   0x00000072   Code   RO         1536    i.HAL_UART_Init     stm32f1xx_hal_uart.o
    0x08002fce   0x00000002   PAD
    0x08002fd0   0x0000023c   Code   RO          673    i.HAL_UART_MspInit  usart.o
    0x0800320c   0x000000d8   Code   RO         1539    i.HAL_UART_Receive  stm32f1xx_hal_uart.o
    0x080032e4   0x00000070   Code   RO         1541    i.HAL_UART_Receive_IT  stm32f1xx_hal_uart.o
    0x08003354   0x00000088   Code   RO          674    i.HAL_UART_RxCpltCallback  usart.o
    0x080033dc   0x00000002   Code   RO         1547    i.HAL_UART_TxCpltCallback  stm32f1xx_hal_uart.o
    0x080033de   0x00000004   Code   RO          302    i.HardFault_Handler  stm32f1xx_it.o
    0x080033e2   0x00000004   Code   RO          303    i.MemManage_Handler  stm32f1xx_it.o
    0x080033e6   0x00000002   Code   RO          304    i.NMI_Handler       stm32f1xx_it.o
    0x080033e8   0x00000028   Code   RO         1382    i.RCC_Delay         stm32f1xx_hal_rcc.o
    0x08003410   0x00000002   Code   RO          305    i.SVC_Handler       stm32f1xx_it.o
    0x08003412   0x00000002   Code   RO          264    i.SystemInit        system_stm32f1xx.o
    0x08003414   0x00000014   Code   RO         1549    i.UART_DMAAbortOnError  stm32f1xx_hal_uart.o
    0x08003428   0x00000020   Code   RO         1559    i.UART_EndRxTransfer  stm32f1xx_hal_uart.o
    0x08003448   0x00000020   Code   RO         1560    i.UART_EndTransmit_IT  stm32f1xx_hal_uart.o
    0x08003468   0x000000a0   Code   RO         1562    i.UART_Receive_IT   stm32f1xx_hal_uart.o
    0x08003508   0x000000fc   Code   RO         1563    i.UART_SetConfig    stm32f1xx_hal_uart.o
    0x08003604   0x00000060   Code   RO         1564    i.UART_Transmit_IT  stm32f1xx_hal_uart.o
    0x08003664   0x0000006c   Code   RO         1565    i.UART_WaitOnFlagUntilTimeout  stm32f1xx_hal_uart.o
    0x080036d0   0x00000024   Code   RO          675    i.USART1_IRQHandler  usart.o
    0x080036f4   0x00000108   Code   RO         4520    i.USART2_IRQHandler  atk_idm750c_uart.o
    0x080037fc   0x00000108   Code   RO         5682    i.USART3_IRQHandler  atk_mo1218_uart.o
    0x08003904   0x00000004   Code   RO          306    i.UsageFault_Handler  stm32f1xx_it.o
    0x08003908   0x00000028   Code   RO         6337    i.__ARM_fpclassify  m_ws.l(fpclassify.o)
    0x08003930   0x00000010   Code   RO          939    i.__NVIC_GetPriorityGrouping  stm32f1xx_hal_cortex.o
    0x08003940   0x00000028   Code   RO          940    i.__NVIC_SetPriority  stm32f1xx_hal_cortex.o
    0x08003968   0x0000000e   Code   RO         6128    i._is_digit         c_w.l(__printf_wp.o)
    0x08003976   0x00000004   Code   RO          677    i._sys_exit         usart.o
    0x0800397a   0x0000001c   Code   RO         5970    i.adc_channel_set   adc.o
    0x08003996   0x00000002   PAD
    0x08003998   0x0000002c   Code   RO         5971    i.adc_get_result    adc.o
    0x080039c4   0x00000038   Code   RO         5973    i.adc_init          adc.o
    0x080039fc   0x000000dc   Code   RO         6019    i.adc_nch_dma_init  adc_dma.o
    0x08003ad8   0x00000028   Code   RO          557    i.delay_init        delay.o
    0x08003b00   0x00000038   Code   RO          558    i.delay_ms          delay.o
    0x08003b38   0x0000004c   Code   RO          559    i.delay_us          delay.o
    0x08003b84   0x0000001c   Code   RO          679    i.fputc             usart.o
    0x08003ba0   0x00000090   Code   RO         3629    i.led_init          led.o
    0x08003c30   0x00000290   Code   RO           13    i.main              main.o
    0x08003ec0   0x00000056   Code   RO          606    i.sys_stm32_clock_init  sys.o
    0x08003f16   0x00000002   PAD
    0x08003f18   0x00000038   Code   RO          680    i.usart_init        usart.o
    0x08003f50   0x0000002c   Code   RO         6422    locale$$code        c_w.l(lc_numeric_c.o)
    0x08003f7c   0x00000062   Code   RO         6160    x$fpl$d2f           fz_ws.l(d2f.o)
    0x08003fde   0x00000002   PAD
    0x08003fe0   0x00000150   Code   RO         6162    x$fpl$dadd          fz_ws.l(daddsub_clz.o)
    0x08004130   0x00000018   Code   RO         6292    x$fpl$dcmpinf       fz_ws.l(dcmpi.o)
    0x08004148   0x000002b0   Code   RO         6169    x$fpl$ddiv          fz_ws.l(ddiv.o)
    0x080043f8   0x00000078   Code   RO         6182    x$fpl$dleqf         fz_ws.l(dleqf.o)
    0x08004470   0x00000154   Code   RO         6184    x$fpl$dmul          fz_ws.l(dmul.o)
    0x080045c4   0x0000009c   Code   RO         6294    x$fpl$dnaninf       fz_ws.l(dnaninf.o)
    0x08004660   0x0000000c   Code   RO         6296    x$fpl$dretinf       fz_ws.l(dretinf.o)
    0x0800466c   0x000001d4   Code   RO         6164    x$fpl$dsub          fz_ws.l(daddsub_clz.o)
    0x08004840   0x00000056   Code   RO         6186    x$fpl$f2d           fz_ws.l(f2d.o)
    0x08004896   0x00000018   Code   RO         6298    x$fpl$fcmpinf       fz_ws.l(fcmpi.o)
    0x080048ae   0x00000002   PAD
    0x080048b0   0x0000003e   Code   RO         6204    x$fpl$ffixu         fz_ws.l(ffixu.o)
    0x080048ee   0x00000002   PAD
    0x080048f0   0x00000026   Code   RO         6208    x$fpl$ffltu         fz_ws.l(fflt_clz.o)
    0x08004916   0x00000002   PAD
    0x08004918   0x00000068   Code   RO         6214    x$fpl$fleqf         fz_ws.l(fleqf.o)
    0x08004980   0x0000008c   Code   RO         6300    x$fpl$fnaninf       fz_ws.l(fnaninf.o)
    0x08004a0c   0x0000000a   Code   RO         6302    x$fpl$fretinf       fz_ws.l(fretinf.o)
    0x08004a16   0x00000062   Code   RO         6218    x$fpl$frleqf        fz_ws.l(frleqf.o)
    0x08004a78   0x00000004   Code   RO         6220    x$fpl$printf1       fz_ws.l(printf1.o)
    0x08004a7c   0x00000000   Code   RO         6312    x$fpl$usenofp       fz_ws.l(usenofp.o)
    0x08004a7c   0x00000018   Data   RO          265    .constdata          system_stm32f1xx.o
    0x08004a94   0x00000011   Data   RO         6136    .constdata          c_w.l(__printf_flags_ss_wp.o)
    0x08004aa5   0x00000003   PAD
    0x08004aa8   0x00000094   Data   RO         6391    .constdata          c_w.l(bigflt0.o)
    0x08004b3c   0x00000020   Data   RO         6574    Region$$Table       anon$$obj.o
    0x08004b5c   0x0000001c   Data   RO         6421    locale$$data        c_w.l(lc_numeric_c.o)


    Execution Region RW_IRAM1 (Base: 0x20000000, Size: 0x00001718, Max: 0x00020000, ABSOLUTE)

    Base Addr    Size         Type   Attr      Idx    E Section Name        Object

    0x20000000   0x00000004   Data   RW          266    .data               system_stm32f1xx.o
    0x20000004   0x00000002   Data   RW          560    .data               delay.o
    0x20000006   0x00000002   PAD
    0x20000008   0x00000007   Data   RW          682    .data               usart.o
    0x2000000f   0x00000001   PAD
    0x20000010   0x00000009   Data   RW          775    .data               stm32f1xx_hal.o
    0x20000019   0x00000001   Data   RW         6022    .data               adc_dma.o
    0x2000001a   0x00000002   PAD
    0x2000001c   0x00000108   Zero   RW          681    .bss                usart.o
    0x20000124   0x00000642   Zero   RW         4526    .bss                atk_idm750c_uart.o
    0x20000766   0x00000002   PAD
    0x20000768   0x00000882   Zero   RW         5689    .bss                atk_mo1218_uart.o
    0x20000fea   0x00000002   PAD
    0x20000fec   0x00000030   Zero   RW         5974    .bss                adc.o
    0x2000101c   0x0000009c   Zero   RW         6021    .bss                adc_dma.o
    0x200010b8   0x00000060   Zero   RW         6431    .bss                c_w.l(libspace.o)
    0x20001118   0x00000200   Zero   RW            2    HEAP                startup_stm32f103xe.o
    0x20001318   0x00000400   Zero   RW            1    STACK               startup_stm32f103xe.o


==============================================================================

Image component sizes


      Code (inc. data)   RO Data    RW Data    ZI Data      Debug   Object Name

       128         12          0          0         48       2197   adc.o
       384         42          0          1        156       2664   adc_dma.o
       264          8          0          0       1602       1480   atk_idm750c_uart.o
       264          8          0          0       2178       1476   atk_mo1218_uart.o
       172         16          0          2          0       1839   delay.o
       144         12          0          0          0        903   led.o
       656        182          0          0          0     477263   main.o
        64         26        304          0       1536        928   startup_stm32f103xe.o
       130         24          0          9          0       5873   stm32f1xx_hal.o
      2114         86          0          0          0      10657   stm32f1xx_hal_adc.o
       260          4          0          0          0       1442   stm32f1xx_hal_adc_ex.o
       344         22          0          0          0      29961   stm32f1xx_hal_cortex.o
       764         18          0          0          0       3409   stm32f1xx_hal_dma.o
       864         40          0          0          0       3301   stm32f1xx_hal_gpio.o
      1784        110          0          0          0       5988   stm32f1xx_hal_rcc.o
       612         46          0          0          0       2405   stm32f1xx_hal_rcc_ex.o
      1486         10          0          0          0       9422   stm32f1xx_hal_uart.o
        22          0          0          0          0       2987   stm32f1xx_it.o
        86          0          0          0          0        703   sys.o
         2          0         24          4          0       1331   system_stm32f1xx.o
       832         68          0          7        264       5805   usart.o

    ----------------------------------------------------------------------
     11392        734        360         28       5788     572034   Object Totals
         0          0         32          0          0          0   (incl. Generated)
        16          0          0          5          4          0   (incl. Padding)

    ----------------------------------------------------------------------

      Code (inc. data)   RO Data    RW Data    ZI Data      Debug   Library Member Name

        24          4          0          0          0         84   __2printf.o
         8          0          0          0          0         68   __main.o
       392          4         17          0          0         92   __printf_flags_ss_wp.o
        14          0          0          0          0         68   __printf_wp.o
         0          0          0          0          0          0   __rtentry.o
        12          0          0          0          0          0   __rtentry2.o
         6          0          0          0          0          0   __rtentry4.o
        52          8          0          0          0          0   __scatter.o
        26          0          0          0          0          0   __scatter_copy.o
        28          0          0          0          0          0   __scatter_zi.o
        48          6          0          0          0         96   _printf_char_common.o
        36          4          0          0          0         80   _printf_char_file.o
         6          0          0          0          0          0   _printf_f.o
      1050          0          0          0          0        216   _printf_fp_dec.o
       128         16          0          0          0         84   _printf_fp_infnan.o
         0          0          0          0          0          0   _printf_percent.o
         4          0          0          0          0          0   _printf_percent_end.o
       220          4        148          0          0         96   bigflt0.o
      1910        128          0          0          0        672   btod.o
        12          0          0          0          0         72   exit.o
         8          0          0          0          0         68   ferror.o
         6          0          0          0          0        152   heapauxi.o
        44         10         28          0          0         76   lc_numeric_c.o
         2          0          0          0          0          0   libinit.o
        18          0          0          0          0          0   libinit2.o
         2          0          0          0          0          0   libshutdown.o
         2          0          0          0          0          0   libshutdown2.o
         8          4          0          0         96         68   libspace.o
       138          0          0          0          0         80   lludiv10.o
         8          4          0          0          0         68   rt_locale_intlibspace.o
        78          0          0          0          0         80   rt_memclr_w.o
         2          0          0          0          0          0   rtexit.o
        10          0          0          0          0          0   rtexit2.o
       128          0          0          0          0         68   strcmpv7m.o
        74          0          0          0          0         80   sys_stackheap_outer.o
         2          0          0          0          0         68   use_no_semi.o
         2          0          0          0          0         68   use_no_semi_2.o
        98          4          0          0          0         92   d2f.o
       804         16          0          0          0        272   daddsub_clz.o
        24          0          0          0          0         68   dcmpi.o
       688        140          0          0          0        208   ddiv.o
       120          4          0          0          0         92   dleqf.o
       340         12          0          0          0        104   dmul.o
       156          4          0          0          0         92   dnaninf.o
        12          0          0          0          0         68   dretinf.o
        86          4          0          0          0         84   f2d.o
        24          0          0          0          0         68   fcmpi.o
        62          4          0          0          0         84   ffixu.o
        38          0          0          0          0         68   fflt_clz.o
       104          4          0          0          0         84   fleqf.o
       140          4          0          0          0         84   fnaninf.o
        10          0          0          0          0         68   fretinf.o
        98          0          0          0          0         68   frleqf.o
         4          0          0          0          0         68   printf1.o
         0          0          0          0          0          0   usenofp.o
        40          0          0          0          0         68   fpclassify.o

    ----------------------------------------------------------------------
      7372        388        196          0         96       4244   Library Totals
        16          0          3          0          0          0   (incl. Padding)

    ----------------------------------------------------------------------

      Code (inc. data)   RO Data    RW Data    ZI Data      Debug   Library Name

      4508        192        193          0         96       2504   c_w.l
      2808        196          0          0          0       1672   fz_ws.l
        40          0          0          0          0         68   m_ws.l

    ----------------------------------------------------------------------
      7372        388        196          0         96       4244   Library Totals

    ----------------------------------------------------------------------

==============================================================================


      Code (inc. data)   RO Data    RW Data    ZI Data      Debug   

     18764       1122        556         28       5884     569878   Grand Totals
     18764       1122        556         28       5884     569878   ELF Image Totals
     18764       1122        556         28          0          0   ROM Totals

==============================================================================

    Total RO  Size (Code + RO Data)                19320 (  18.87kB)
    Total RW  Size (RW Data + ZI Data)              5912 (   5.77kB)
    Total ROM Size (Code + RO Data + RW Data)      19348 (  18.89kB)

==============================================================================

