<html>
<body>
<pre>
<h1>礦ision Build Log</h1>
<h2>Tool Versions:</h2>
IDE-Version: μVision V5.14.0.0
Copyright (C) 2015 ARM Ltd and ARM Germany GmbH. All rights reserved.
License Information: l xz, 1, LIC=NHYH9-47UGW-E0AN4-FAHYA-3NT0C-7CAJ3
 
Tool Versions:
Toolchain:       MDK-ARM Professional  Version: 5.14.0.0
Toolchain Path:  C:\Keil_v5\ARM\ARMCC\Bin
C Compiler:      Armcc.exe V5.05 update 1 (build 106)
Assembler:       Armasm.exe V5.05 update 1 (build 106)
Linker/Locator:  ArmLink.exe V5.05 update 1 (build 106)
Library Manager: ArmAr.exe V5.05 update 1 (build 106)
Hex Converter:   FromElf.exe V5.05 update 1 (build 106)
CPU DLL:         SARMCM3.DLL V5.14.0.0
Dialog DLL:      DCM.DLL V1.13.1.0
Target DLL:      CMSIS_AGDI.dll V1.21.0.0
Dialog DLL:      TCM.DLL V1.14.4.0
 
<h2>Project:</h2>
C:\Users\13520\Desktop\七剑合璧真\Projects\MDK-ARM\atk_f103.uvprojx
Project File Date:  01/04/2024

<h2>Output:</h2>
Build target 'ATK-IDM750C'
compiling demo.c...
linking...
Program Size: Code=18764 RO-data=556 RW-data=28 ZI-data=5884  
FromELF: creating hex file...
"..\..\Output\atk_f103.axf" - 0 Error(s), 0 Warning(s).

<h2>Collection of Component include folders:</h2>
  C:\Users\13520\Desktop\七剑合璧真\Projects\MDK-ARM\RTE
  C:\Keil_v5\ARM\PACK\APEXMIC\APM32F1xx_DFP\1.0.4

<h2>Collection of Component Files used:</h2>
</pre>
</body>
</html>
